Component: ARM Compiler 5.05 update 1 (build 106) Tool: armlink [4d0efa]

==============================================================================

Section Cross References

    main.o(i.main) refers to misc.o(i.NVIC_PriorityGroupConfig) for NVIC_PriorityGroupConfig
    main.o(i.main) refers to delay.o(i.delay_init) for delay_init
    main.o(i.main) refers to usart.o(i.uart_init) for uart_init
    main.o(i.main) refers to usart3.o(i.usart3_init) for usart3_init
    main.o(i.main) refers to led.o(i.LED_Init) for LED_Init
    main.o(i.main) refers to dac.o(i.Dac_Init) for Dac_Init
    main.o(i.main) refers to w25qxx.o(i.W25QXX_Init) for W25QXX_Init
    main.o(i.main) refers to malloc.o(i.my_mem_init) for my_mem_init
    main.o(i.main) refers to exfuns.o(i.exfuns_init) for exfuns_init
    main.o(i.main) refers to ff.o(i.f_mount) for f_mount
    main.o(i.main) refers to fontupd.o(i.font_init) for font_init
    main.o(i.main) refers to common.o(i.atk_8266_test) for atk_8266_test
    main.o(i.main) refers to touch.o(.data) for tp_dev
    main.o(i.main) refers to usmart_config.o(.data) for usmart_dev
    main.o(i.main) refers to exfuns.o(.data) for fs
    system_stm32f4xx.o(i.SystemCoreClockUpdate) refers to system_stm32f4xx.o(.data) for SystemCoreClock
    system_stm32f4xx.o(i.SystemInit) refers to system_stm32f4xx.o(i.SetSysClock) for SetSysClock
    startup_stm32f40_41xxx.o(STACK) refers (Special) to heapauxi.o(.text) for __use_two_region_memory
    startup_stm32f40_41xxx.o(HEAP) refers (Special) to heapauxi.o(.text) for __use_two_region_memory
    startup_stm32f40_41xxx.o(RESET) refers (Special) to heapauxi.o(.text) for __use_two_region_memory
    startup_stm32f40_41xxx.o(RESET) refers to startup_stm32f40_41xxx.o(STACK) for __initial_sp
    startup_stm32f40_41xxx.o(RESET) refers to startup_stm32f40_41xxx.o(.text) for Reset_Handler
    startup_stm32f40_41xxx.o(RESET) refers to stm32f4xx_it.o(i.NMI_Handler) for NMI_Handler
    startup_stm32f40_41xxx.o(RESET) refers to stm32f4xx_it.o(i.HardFault_Handler) for HardFault_Handler
    startup_stm32f40_41xxx.o(RESET) refers to stm32f4xx_it.o(i.MemManage_Handler) for MemManage_Handler
    startup_stm32f40_41xxx.o(RESET) refers to stm32f4xx_it.o(i.BusFault_Handler) for BusFault_Handler
    startup_stm32f40_41xxx.o(RESET) refers to stm32f4xx_it.o(i.UsageFault_Handler) for UsageFault_Handler
    startup_stm32f40_41xxx.o(RESET) refers to stm32f4xx_it.o(i.SVC_Handler) for SVC_Handler
    startup_stm32f40_41xxx.o(RESET) refers to stm32f4xx_it.o(i.DebugMon_Handler) for DebugMon_Handler
    startup_stm32f40_41xxx.o(RESET) refers to stm32f4xx_it.o(i.PendSV_Handler) for PendSV_Handler
    startup_stm32f40_41xxx.o(RESET) refers to stm32f4xx_it.o(i.SysTick_Handler) for SysTick_Handler
    startup_stm32f40_41xxx.o(RESET) refers to usmart.o(i.TIM4_IRQHandler) for TIM4_IRQHandler
    startup_stm32f40_41xxx.o(RESET) refers to usart.o(i.USART1_IRQHandler) for USART1_IRQHandler
    startup_stm32f40_41xxx.o(RESET) refers to usart3.o(i.USART3_IRQHandler) for USART3_IRQHandler
    startup_stm32f40_41xxx.o(RESET) refers to sdio_sdcard.o(i.SDIO_IRQHandler) for SDIO_IRQHandler
    startup_stm32f40_41xxx.o(RESET) refers to timer.o(i.TIM7_IRQHandler) for TIM7_IRQHandler
    startup_stm32f40_41xxx.o(.text) refers (Special) to heapauxi.o(.text) for __use_two_region_memory
    startup_stm32f40_41xxx.o(.text) refers to system_stm32f4xx.o(i.SystemInit) for SystemInit
    startup_stm32f40_41xxx.o(.text) refers to __main.o(!!!main) for __main
    startup_stm32f40_41xxx.o(.text) refers to startup_stm32f40_41xxx.o(HEAP) for Heap_Mem
    startup_stm32f40_41xxx.o(.text) refers to startup_stm32f40_41xxx.o(STACK) for Stack_Mem
    delay.o(i.delay_init) refers to misc.o(i.SysTick_CLKSourceConfig) for SysTick_CLKSourceConfig
    delay.o(i.delay_init) refers to delay.o(.data) for fac_us
    delay.o(i.delay_ms) refers to delay.o(i.delay_xms) for delay_xms
    delay.o(i.delay_us) refers to delay.o(.data) for fac_us
    delay.o(i.delay_xms) refers to delay.o(.data) for fac_ms
    usart.o(.rev16_text) refers (Special) to use_no_semi_2.o(.text) for __use_no_semihosting
    usart.o(.revsh_text) refers (Special) to use_no_semi_2.o(.text) for __use_no_semihosting
    usart.o(.rrx_text) refers (Special) to use_no_semi_2.o(.text) for __use_no_semihosting
    usart.o(i.USART1_IRQHandler) refers (Special) to use_no_semi_2.o(.text) for __use_no_semihosting
    usart.o(i.USART1_IRQHandler) refers to stm32f4xx_usart.o(i.USART_GetITStatus) for USART_GetITStatus
    usart.o(i.USART1_IRQHandler) refers to stm32f4xx_usart.o(i.USART_ReceiveData) for USART_ReceiveData
    usart.o(i.USART1_IRQHandler) refers to usart.o(.data) for USART_RX_STA
    usart.o(i.USART1_IRQHandler) refers to usart.o(.bss) for USART_RX_BUF
    usart.o(i._sys_exit) refers (Special) to use_no_semi_2.o(.text) for __use_no_semihosting
    usart.o(i.fputc) refers (Special) to use_no_semi_2.o(.text) for __use_no_semihosting
[...]
    AT24CXX_ReadLenByte                      0x08001cc3   Thumb Code    44  24cxx.o(i.AT24CXX_ReadLenByte)
    AT24CXX_ReadOneByte                      0x08001cef   Thumb Code    88  24cxx.o(i.AT24CXX_ReadOneByte)
    AT24CXX_WriteLenByte                     0x08001d47   Thumb Code    42  24cxx.o(i.AT24CXX_WriteLenByte)
    AT24CXX_WriteOneByte                     0x08001d71   Thumb Code    80  24cxx.o(i.AT24CXX_WriteOneByte)
    BusFault_Handler                         0x08001dc1   Thumb Code     4  stm32f4xx_it.o(i.BusFault_Handler)
    CT_Delay                                 0x08001dc5   Thumb Code    10  ctiic.o(i.CT_Delay)
    CT_IIC_Ack                               0x08001dd1   Thumb Code    66  ctiic.o(i.CT_IIC_Ack)
    CT_IIC_Init                              0x08001e25   Thumb Code    60  ctiic.o(i.CT_IIC_Init)
    CT_IIC_NAck                              0x08001e69   Thumb Code    66  ctiic.o(i.CT_IIC_NAck)
    CT_IIC_Read_Byte                         0x08001ebd   Thumb Code    90  ctiic.o(i.CT_IIC_Read_Byte)
    CT_IIC_Send_Byte                         0x08001f29   Thumb Code    82  ctiic.o(i.CT_IIC_Send_Byte)
    CT_IIC_Start                             0x08001f8d   Thumb Code    62  ctiic.o(i.CT_IIC_Start)
    CT_IIC_Stop                              0x08001fd9   Thumb Code    56  ctiic.o(i.CT_IIC_Stop)
    CT_IIC_Wait_Ack                          0x08002021   Thumb Code    78  ctiic.o(i.CT_IIC_Wait_Ack)
    CmdError                                 0x08002081   Thumb Code    48  sdio_sdcard.o(i.CmdError)
    CmdResp1Error                            0x080020b1   Thumb Code    94  sdio_sdcard.o(i.CmdResp1Error)
    CmdResp2Error                            0x08002115   Thumb Code    80  sdio_sdcard.o(i.CmdResp2Error)
    CmdResp3Error                            0x08002169   Thumb Code    50  sdio_sdcard.o(i.CmdResp3Error)
    CmdResp6Error                            0x080021a1   Thumb Code   144  sdio_sdcard.o(i.CmdResp6Error)
    CmdResp7Error                            0x08002235   Thumb Code    70  sdio_sdcard.o(i.CmdResp7Error)
    DAC_Cmd                                  0x08002281   Thumb Code    34  stm32f4xx_dac.o(i.DAC_Cmd)
    DAC_Init                                 0x080022a9   Thumb Code    46  stm32f4xx_dac.o(i.DAC_Init)
    DAC_SetChannel1Data                      0x080022dd   Thumb Code    26  stm32f4xx_dac.o(i.DAC_SetChannel1Data)
    DAC_SetChannel2Data                      0x080022fd   Thumb Code    26  stm32f4xx_dac.o(i.DAC_SetChannel2Data)
    DMA_Cmd                                  0x0800231d   Thumb Code    22  stm32f4xx_dma.o(i.DMA_Cmd)
    DMA_DeInit                               0x08002335   Thumb Code   324  stm32f4xx_dma.o(i.DMA_DeInit)
    DMA_FlowControllerConfig                 0x0800248d   Thumb Code    22  stm32f4xx_dma.o(i.DMA_FlowControllerConfig)
    DMA_GetCmdStatus                         0x080024a3   Thumb Code    20  stm32f4xx_dma.o(i.DMA_GetCmdStatus)
    DMA_Init                                 0x080024b9   Thumb Code    82  stm32f4xx_dma.o(i.DMA_Init)
    Dac1_Set_Vol                             0x08002511   Thumb Code    98  dac.o(i.Dac1_Set_Vol)
    Dac2_Set_Vol                             0x0800258d   Thumb Code    98  dac.o(i.Dac2_Set_Vol)
    Dac_Init                                 0x08002609   Thumb Code   114  dac.o(i.Dac_Init)
    DebugMon_Handler                         0x08002681   Thumb Code     2  stm32f4xx_it.o(i.DebugMon_Handler)
    FT5206_Init                              0x08002685   Thumb Code   202  ft5206.o(i.FT5206_Init)
    FT5206_RD_Reg                            0x0800276d   Thumb Code    88  ft5206.o(i.FT5206_RD_Reg)
    FT5206_Scan                              0x080027c5   Thumb Code   400  ft5206.o(i.FT5206_Scan)
    FT5206_WR_Reg                            0x08002961   Thumb Code    82  ft5206.o(i.FT5206_WR_Reg)
    FindSCR                                  0x080029b5   Thumb Code   388  sdio_sdcard.o(i.FindSCR)
    GPIO_Init                                0x08002b49   Thumb Code   144  stm32f4xx_gpio.o(i.GPIO_Init)
    GPIO_PinAFConfig                         0x08002bd9   Thumb Code    70  stm32f4xx_gpio.o(i.GPIO_PinAFConfig)
    GPIO_ResetBits                           0x08002c1f   Thumb Code     4  stm32f4xx_gpio.o(i.GPIO_ResetBits)
    GPIO_SetBits                             0x08002c23   Thumb Code     4  stm32f4xx_gpio.o(i.GPIO_SetBits)
    GT9147_Init                              0x08002c29   Thumb Code   248  gt9147.o(i.GT9147_Init)
    GT9147_RD_Reg                            0x08002d59   Thumb Code    98  gt9147.o(i.GT9147_RD_Reg)
    GT9147_Scan                              0x08002dbd   Thumb Code   494  gt9147.o(i.GT9147_Scan)
    GT9147_Send_Cfg                          0x08002fbd   Thumb Code    86  gt9147.o(i.GT9147_Send_Cfg)
    GT9147_WR_Reg                            0x08003019   Thumb Code    92  gt9147.o(i.GT9147_WR_Reg)
    Get_HzMat                                0x08003075   Thumb Code   220  text.o(i.Get_HzMat)
    HardFault_Handler                        0x08003155   Thumb Code     4  stm32f4xx_it.o(i.HardFault_Handler)
    IIC_Ack                                  0x08003159   Thumb Code    66  myiic.o(i.IIC_Ack)
    IIC_Init                                 0x080031a9   Thumb Code    62  myiic.o(i.IIC_Init)
    IIC_NAck                                 0x080031f5   Thumb Code    66  myiic.o(i.IIC_NAck)
    IIC_Read_Byte                            0x08003245   Thumb Code    94  myiic.o(i.IIC_Read_Byte)
    IIC_Send_Byte                            0x080032b1   Thumb Code    90  myiic.o(i.IIC_Send_Byte)
    IIC_Start                                0x08003319   Thumb Code    64  myiic.o(i.IIC_Start)
    IIC_Stop                                 0x08003365   Thumb Code    62  myiic.o(i.IIC_Stop)
    IIC_Wait_Ack                             0x080033b1   Thumb Code    82  myiic.o(i.IIC_Wait_Ack)
    IsCardProgramming                        0x08003411   Thumb Code   146  sdio_sdcard.o(i.IsCardProgramming)
    LCD_Clear                                0x080034b1   Thumb Code   100  lcd.o(i.LCD_Clear)
    LCD_DrawLine                             0x0800351d   Thumb Code   176  lcd.o(i.LCD_DrawLine)
    LCD_DrawPoint                            0x080035cd   Thumb Code    28  lcd.o(i.LCD_DrawPoint)
    LCD_Draw_Circle                          0x080035f1   Thumb Code   152  lcd.o(i.LCD_Draw_Circle)
    LCD_Fast_DrawPoint                       0x08003689   Thumb Code   374  lcd.o(i.LCD_Fast_DrawPoint)
    LCD_Fill                                 0x08003809   Thumb Code   180  lcd.o(i.LCD_Fill)
    LCD_Pow                                  0x080038c1   Thumb Code    22  lcd.o(i.LCD_Pow)
    LCD_SetCursor                            0x080038d9   Thumb Code   418  lcd.o(i.LCD_SetCursor)
    LCD_ShowChar                             0x08003a81   Thumb Code   272  lcd.o(i.LCD_ShowChar)
    LCD_ShowNum                              0x08003ba9   Thumb Code   148  lcd.o(i.LCD_ShowNum)
    LCD_ShowString                           0x08003c3d   Thumb Code   102  lcd.o(i.LCD_ShowString)
    LCD_WR_DATA                              0x08003ca5   Thumb Code    18  lcd.o(i.LCD_WR_DATA)
    LCD_WR_REG                               0x08003cbd   Thumb Code    18  lcd.o(i.LCD_WR_REG)
    LCD_WriteRAM_Prepare                     0x08003cd5   Thumb Code    10  lcd.o(i.LCD_WriteRAM_Prepare)
    LCD_WriteReg                             0x08003ce9   Thumb Code    14  lcd.o(i.LCD_WriteReg)
    LED_Init                                 0x08003cfd   Thumb Code   126  led.o(i.LED_Init)
    MemManage_Handler                        0x08003d85   Thumb Code     4  stm32f4xx_it.o(i.MemManage_Handler)
    NMI_Handler                              0x08003d89   Thumb Code     2  stm32f4xx_it.o(i.NMI_Handler)
    NVIC_Init                                0x08003d8d   Thumb Code   106  misc.o(i.NVIC_Init)
    NVIC_PriorityGroupConfig                 0x08003e05   Thumb Code    10  misc.o(i.NVIC_PriorityGroupConfig)
    OTT2001A_Init                            0x08003e19   Thumb Code   142  ott2001a.o(i.OTT2001A_Init)
    OTT2001A_RD_Reg                          0x08003ec5   Thumb Code    98  ott2001a.o(i.OTT2001A_RD_Reg)
    OTT2001A_Scan                            0x08003f29   Thumb Code   478  ott2001a.o(i.OTT2001A_Scan)
    OTT2001A_SensorControl                   0x0800412d   Thumb Code    28  ott2001a.o(i.OTT2001A_SensorControl)
    OTT2001A_WR_Reg                          0x08004149   Thumb Code    92  ott2001a.o(i.OTT2001A_WR_Reg)
    PendSV_Handler                           0x080041a5   Thumb Code     2  stm32f4xx_it.o(i.PendSV_Handler)
    RCC_AHB1PeriphClockCmd                   0x080041a9   Thumb Code    26  stm32f4xx_rcc.o(i.RCC_AHB1PeriphClockCmd)
    RCC_APB1PeriphClockCmd                   0x080041c9   Thumb Code    26  stm32f4xx_rcc.o(i.RCC_APB1PeriphClockCmd)
    RCC_APB1PeriphResetCmd                   0x080041e9   Thumb Code    26  stm32f4xx_rcc.o(i.RCC_APB1PeriphResetCmd)
    RCC_APB2PeriphClockCmd                   0x08004209   Thumb Code    26  stm32f4xx_rcc.o(i.RCC_APB2PeriphClockCmd)
    RCC_APB2PeriphResetCmd                   0x08004229   Thumb Code    26  stm32f4xx_rcc.o(i.RCC_APB2PeriphResetCmd)
    RCC_GetClocksFreq                        0x08004249   Thumb Code   214  stm32f4xx_rcc.o(i.RCC_GetClocksFreq)
    SDEnWideBus                              0x08004331   Thumb Code   158  sdio_sdcard.o(i.SDEnWideBus)
    SDIO_ClearFlag                           0x080043dd   Thumb Code     6  stm32f4xx_sdio.o(i.SDIO_ClearFlag)
    SDIO_Clock_Set                           0x080043e9   Thumb Code    16  sdio_sdcard.o(i.SDIO_Clock_Set)
    SDIO_DataConfig                          0x080043fd   Thumb Code    46  stm32f4xx_sdio.o(i.SDIO_DataConfig)
    SDIO_GetFlagStatus                       0x08004431   Thumb Code    20  stm32f4xx_sdio.o(i.SDIO_GetFlagStatus)
    SDIO_GetPowerState                       0x08004449   Thumb Code    10  stm32f4xx_sdio.o(i.SDIO_GetPowerState)
    SDIO_IRQHandler                          0x08004459   Thumb Code     8  sdio_sdcard.o(i.SDIO_IRQHandler)
    SDIO_Init                                0x08004461   Thumb Code    42  stm32f4xx_sdio.o(i.SDIO_Init)
    SDIO_Register_Deinit                     0x08004491   Thumb Code    48  sdio_sdcard.o(i.SDIO_Register_Deinit)
    SDIO_SendCommand                         0x080044c9   Thumb Code    40  stm32f4xx_sdio.o(i.SDIO_SendCommand)
    SDIO_SetPowerState                       0x080044f5   Thumb Code     6  stm32f4xx_sdio.o(i.SDIO_SetPowerState)
    SD_DMA_Config                            0x08004501   Thumb Code   118  sdio_sdcard.o(i.SD_DMA_Config)
    SD_EnableWideBusOperation                0x08004581   Thumb Code    94  sdio_sdcard.o(i.SD_EnableWideBusOperation)
    SD_GetCardInfo                           0x080045e9   Thumb Code   772  sdio_sdcard.o(i.SD_GetCardInfo)
    SD_Init                                  0x080048fd   Thumb Code   258  sdio_sdcard.o(i.SD_Init)
    SD_InitializeCards                       0x08004a15   Thumb Code   330  sdio_sdcard.o(i.SD_InitializeCards)
    SD_PowerON                               0x08004b79   Thumb Code   460  sdio_sdcard.o(i.SD_PowerON)
    SD_ProcessIRQSrc                         0x08004d5d   Thumb Code   318  sdio_sdcard.o(i.SD_ProcessIRQSrc)
    SD_ReadBlock                             0x08004eb1   Thumb Code   574  sdio_sdcard.o(i.SD_ReadBlock)
    SD_ReadDisk                              0x08005119   Thumb Code   152  sdio_sdcard.o(i.SD_ReadDisk)
    SD_ReadMultiBlocks                       0x080051b9   Thumb Code   710  sdio_sdcard.o(i.SD_ReadMultiBlocks)
    SD_SelectDeselect                        0x080054ad   Thumb Code    42  sdio_sdcard.o(i.SD_SelectDeselect)
    SD_SetDeviceMode                         0x080054dd   Thumb Code    20  sdio_sdcard.o(i.SD_SetDeviceMode)
    SD_WriteBlock                            0x080054f5   Thumb Code   862  sdio_sdcard.o(i.SD_WriteBlock)
    SD_WriteDisk                             0x0800587d   Thumb Code   152  sdio_sdcard.o(i.SD_WriteDisk)
    SD_WriteMultiBlocks                      0x0800591d   Thumb Code   934  sdio_sdcard.o(i.SD_WriteMultiBlocks)
    SPI1_Init                                0x08005ced   Thumb Code   186  spi.o(i.SPI1_Init)
    SPI1_ReadWriteByte                       0x08005db1   Thumb Code    50  spi.o(i.SPI1_ReadWriteByte)
    SPI1_SetSpeed                            0x08005de9   Thumb Code    36  spi.o(i.SPI1_SetSpeed)
    SPI_Cmd                                  0x08005e11   Thumb Code    24  stm32f4xx_spi.o(i.SPI_Cmd)
    SPI_I2S_GetFlagStatus                    0x08005e29   Thumb Code    18  stm32f4xx_spi.o(i.SPI_I2S_GetFlagStatus)
    SPI_I2S_ReceiveData                      0x08005e3b   Thumb Code     6  stm32f4xx_spi.o(i.SPI_I2S_ReceiveData)
    SPI_I2S_SendData                         0x08005e41   Thumb Code     4  stm32f4xx_spi.o(i.SPI_I2S_SendData)
    SPI_Init                                 0x08005e45   Thumb Code    60  stm32f4xx_spi.o(i.SPI_Init)
    SVC_Handler                              0x08005e81   Thumb Code     2  stm32f4xx_it.o(i.SVC_Handler)
    Show_Font                                0x08005f71   Thumb Code   190  text.o(i.Show_Font)
    Show_Str                                 0x08006039   Thumb Code   194  text.o(i.Show_Str)
    Show_Str_Mid                             0x080060fd   Thumb Code   106  text.o(i.Show_Str_Mid)
    SysTick_CLKSourceConfig                  0x0800616d   Thumb Code    40  misc.o(i.SysTick_CLKSourceConfig)
    SysTick_Handler                          0x08006195   Thumb Code     2  stm32f4xx_it.o(i.SysTick_Handler)
    SystemInit                               0x08006199   Thumb Code    88  system_stm32f4xx.o(i.SystemInit)
    TIM4_IRQHandler                          0x08006201   Thumb Code    46  usmart.o(i.TIM4_IRQHandler)
    TIM7_IRQHandler                          0x08006239   Thumb Code    42  timer.o(i.TIM7_IRQHandler)
    TIM7_Int_Init                            0x0800626d   Thumb Code    78  timer.o(i.TIM7_Int_Init)
    TIM_ClearFlag                            0x080062c1   Thumb Code     6  stm32f4xx_tim.o(i.TIM_ClearFlag)
    TIM_ClearITPendingBit                    0x080062c7   Thumb Code     6  stm32f4xx_tim.o(i.TIM_ClearITPendingBit)
    TIM_Cmd                                  0x080062cd   Thumb Code    24  stm32f4xx_tim.o(i.TIM_Cmd)
    TIM_GetCounter                           0x080062e5   Thumb Code     6  stm32f4xx_tim.o(i.TIM_GetCounter)
    TIM_GetFlagStatus                        0x080062eb   Thumb Code    18  stm32f4xx_tim.o(i.TIM_GetFlagStatus)
    TIM_GetITStatus                          0x080062fd   Thumb Code    34  stm32f4xx_tim.o(i.TIM_GetITStatus)
    TIM_ITConfig                             0x0800631f   Thumb Code    18  stm32f4xx_tim.o(i.TIM_ITConfig)
    TIM_SetAutoreload                        0x08006331   Thumb Code     4  stm32f4xx_tim.o(i.TIM_SetAutoreload)
    TIM_SetCounter                           0x08006335   Thumb Code     4  stm32f4xx_tim.o(i.TIM_SetCounter)
    TIM_TimeBaseInit                         0x08006339   Thumb Code   104  stm32f4xx_tim.o(i.TIM_TimeBaseInit)
    TP_Adj_Info_Show                         0x080063bd   Thumb Code   374  touch.o(i.TP_Adj_Info_Show)
    TP_Adjust                                0x08006565   Thumb Code  2304  touch.o(i.TP_Adjust)
    TP_Drow_Touch_Point                      0x08006e65   Thumb Code   108  touch.o(i.TP_Drow_Touch_Point)
    TP_Get_Adjdata                           0x08006ed5   Thumb Code   160  touch.o(i.TP_Get_Adjdata)
    TP_Init                                  0x08006f85   Thumb Code   290  touch.o(i.TP_Init)
    TP_Read_AD                               0x080070c9   Thumb Code   132  touch.o(i.TP_Read_AD)
    TP_Read_XOY                              0x0800715d   Thumb Code   120  touch.o(i.TP_Read_XOY)
    TP_Read_XY                               0x080071d5   Thumb Code    38  touch.o(i.TP_Read_XY)
    TP_Read_XY2                              0x08007205   Thumb Code   192  touch.o(i.TP_Read_XY2)
    TP_Save_Adjdata                          0x080072c5   Thumb Code   118  touch.o(i.TP_Save_Adjdata)
    TP_Scan                                  0x08007345   Thumb Code   242  touch.o(i.TP_Scan)
    TP_Write_Byte                            0x08007441   Thumb Code    64  touch.o(i.TP_Write_Byte)
    Timer4_Init                              0x0800748d   Thumb Code    86  usmart.o(i.Timer4_Init)
    USART1_IRQHandler                        0x080074e9   Thumb Code   122  usart.o(i.USART1_IRQHandler)
    USART3_IRQHandler                        0x08007571   Thumb Code    96  usart3.o(i.USART3_IRQHandler)
    USART_ClearFlag                          0x080075e1   Thumb Code    18  stm32f4xx_usart.o(i.USART_ClearFlag)
    USART_Cmd                                0x080075f3   Thumb Code    24  stm32f4xx_usart.o(i.USART_Cmd)
    USART_DeInit                             0x0800760d   Thumb Code   206  stm32f4xx_usart.o(i.USART_DeInit)
    USART_GetFlagStatus                      0x080076fd   Thumb Code    26  stm32f4xx_usart.o(i.USART_GetFlagStatus)
    USART_GetITStatus                        0x08007717   Thumb Code    84  stm32f4xx_usart.o(i.USART_GetITStatus)
    USART_ITConfig                           0x0800776b   Thumb Code    74  stm32f4xx_usart.o(i.USART_ITConfig)
    USART_Init                               0x080077b5   Thumb Code   204  stm32f4xx_usart.o(i.USART_Init)
    USART_ReceiveData                        0x08007889   Thumb Code    10  stm32f4xx_usart.o(i.USART_ReceiveData)
    USART_SendData                           0x08007893   Thumb Code     8  stm32f4xx_usart.o(i.USART_SendData)
    UsageFault_Handler                       0x0800789b   Thumb Code     4  stm32f4xx_it.o(i.UsageFault_Handler)
    W25QXX_Erase_Sector                      0x080078a1   Thumb Code    70  w25qxx.o(i.W25QXX_Erase_Sector)
    W25QXX_Init                              0x080078f9   Thumb Code   102  w25qxx.o(i.W25QXX_Init)
    W25QXX_Read                              0x08007971   Thumb Code    74  w25qxx.o(i.W25QXX_Read)
    W25QXX_ReadID                            0x080079c1   Thumb Code    64  w25qxx.o(i.W25QXX_ReadID)
    W25QXX_ReadSR                            0x08007a09   Thumb Code    36  w25qxx.o(i.W25QXX_ReadSR)
    W25QXX_Wait_Busy                         0x08007a35   Thumb Code    18  w25qxx.o(i.W25QXX_Wait_Busy)
    W25QXX_Write                             0x08007a49   Thumb Code   180  w25qxx.o(i.W25QXX_Write)
    W25QXX_Write_Enable                      0x08007b01   Thumb Code    24  w25qxx.o(i.W25QXX_Write_Enable)
    W25QXX_Write_NoCheck                     0x08007b21   Thumb Code    70  w25qxx.o(i.W25QXX_Write_NoCheck)
    W25QXX_Write_Page                        0x08007b69   Thumb Code    80  w25qxx.o(i.W25QXX_Write_Page)
    __ARM_fpclassify                         0x08007bbd   Thumb Code    48  fpclassify.o(i.__ARM_fpclassify)
    __hardfp_sqrt                            0x08007bed   Thumb Code   122  sqrt.o(i.__hardfp_sqrt)
    _is_digit                                0x08007c67   Thumb Code    14  __printf_wp.o(i._is_digit)
    _sys_exit                                0x08007c75   Thumb Code     6  usart.o(i._sys_exit)
    atk_8266_at_response                     0x08007c7d   Thumb Code    46  common.o(i.atk_8266_at_response)
    atk_8266_check_cmd                       0x08007cb9   Thumb Code    44  common.o(i.atk_8266_check_cmd)
    atk_8266_consta_check                    0x08007ced   Thumb Code    36  common.o(i.atk_8266_consta_check)
    atk_8266_get_wanip                       0x08007d31   Thumb Code    58  common.o(i.atk_8266_get_wanip)
    atk_8266_msg_show                        0x08007d85   Thumb Code   648  common.o(i.atk_8266_msg_show)
    atk_8266_mtest_ui                        0x080080d9   Thumb Code   166  common.o(i.atk_8266_mtest_ui)
    atk_8266_quit_trans                      0x080081dd   Thumb Code   100  common.o(i.atk_8266_quit_trans)
    atk_8266_send_cmd                        0x0800824d   Thumb Code    92  common.o(i.atk_8266_send_cmd)
    atk_8266_test                            0x080082c1   Thumb Code   256  common.o(i.atk_8266_test)
    atk_8266_wificonf_show                   0x08008461   Thumb Code   230  common.o(i.atk_8266_wificonf_show)
    atk_8266_wifista_test                    0x08008569   Thumb Code  1692  wifista.o(i.atk_8266_wifista_test)
    convert_from_bytes_to_power_of_two       0x08008cc9   Thumb Code    18  sdio_sdcard.o(i.convert_from_bytes_to_power_of_two)
    delay_init                               0x08008cdd   Thumb Code    52  delay.o(i.delay_init)
    delay_ms                                 0x08008d19   Thumb Code    56  delay.o(i.delay_ms)
    delay_us                                 0x08008d51   Thumb Code    72  delay.o(i.delay_us)
    delay_xms                                0x08008d9d   Thumb Code    72  delay.o(i.delay_xms)
    disk_initialize                          0x08008de9   Thumb Code    52  diskio.o(i.disk_initialize)
    disk_read                                0x08008e21   Thumb Code    98  diskio.o(i.disk_read)
    disk_status                              0x08008e83   Thumb Code     6  diskio.o(i.disk_status)
    disk_write                               0x08008e89   Thumb Code    98  diskio.o(i.disk_write)
    exfuns_init                              0x08008eed   Thumb Code   110  exfuns.o(i.exfuns_init)
    f_mount                                  0x08008f6d   Thumb Code    86  ff.o(i.f_mount)
    font_init                                0x08009351   Thumb Code    64  fontupd.o(i.font_init)
    fputc                                    0x08009395   Thumb Code    22  usart.o(i.fputc)
    main                                     0x080093fd   Thumb Code   114  main.o(i.main)
    my_mem_free                              0x080094b9   Thumb Code    96  malloc.o(i.my_mem_free)
    my_mem_init                              0x08009525   Thumb Code    54  malloc.o(i.my_mem_init)
    my_mem_malloc                            0x08009569   Thumb Code   156  malloc.o(i.my_mem_malloc)
    my_mem_perused                           0x08009611   Thumb Code    54  malloc.o(i.my_mem_perused)
    myfree                                   0x08009651   Thumb Code    30  malloc.o(i.myfree)
    mymalloc                                 0x08009675   Thumb Code    34  malloc.o(i.mymalloc)
    mymemset                                 0x0800969d   Thumb Code    20  malloc.o(i.mymemset)
    read_addr                                0x080096b1   Thumb Code     6  usmart.o(i.read_addr)
    u3_printf                                0x08009705   Thumb Code    72  usart3.o(i.u3_printf)
    uart_init                                0x08009755   Thumb Code   172  usart.o(i.uart_init)
    usart3_init                              0x08009809   Thumb Code   206  usart3.o(i.usart3_init)
    usmart_cmd_rec                           0x080098e9   Thumb Code   170  usmart.o(i.usmart_cmd_rec)
    usmart_exe                               0x08009999   Thumb Code   632  usmart.o(i.usmart_exe)
    usmart_get_aparm                         0x08009c6d   Thumb Code   200  usmart_str.o(i.usmart_get_aparm)
    usmart_get_cmdname                       0x08009d35   Thumb Code    54  usmart_str.o(i.usmart_get_cmdname)
    usmart_get_fname                         0x08009d6d   Thumb Code   440  usmart_str.o(i.usmart_get_fname)
    usmart_get_fparam                        0x08009f2d   Thumb Code   262  usmart_str.o(i.usmart_get_fparam)
    usmart_get_parmpos                       0x0800a039   Thumb Code    26  usmart_str.o(i.usmart_get_parmpos)
    usmart_get_runtime                       0x0800a059   Thumb Code    60  usmart.o(i.usmart_get_runtime)
    usmart_init                              0x0800a09d   Thumb Code    36  usmart.o(i.usmart_init)
    usmart_pow                               0x0800a0c5   Thumb Code    22  usmart_str.o(i.usmart_pow)
    usmart_reset_runtime                     0x0800a0dd   Thumb Code    38  usmart.o(i.usmart_reset_runtime)
    usmart_scan                              0x0800a10d   Thumb Code   120  usmart.o(i.usmart_scan)
    usmart_search_nextc                      0x0800a1c9   Thumb Code    22  usmart_str.o(i.usmart_search_nextc)
    usmart_str2num                           0x0800a1df   Thumb Code   202  usmart_str.o(i.usmart_str2num)
    usmart_strcmp                            0x0800a2a9   Thumb Code    34  usmart_str.o(i.usmart_strcmp)
    usmart_strcopy                           0x0800a2cb   Thumb Code    22  usmart_str.o(i.usmart_strcopy)
    usmart_strlen                            0x0800a2e1   Thumb Code    24  usmart_str.o(i.usmart_strlen)
    usmart_sys_cmd_exe                       0x0800a2f9   Thumb Code  1554  usmart.o(i.usmart_sys_cmd_exe)
    write_addr                               0x0800a9dd   Thumb Code     4  usmart.o(i.write_addr)
    _get_lc_ctype                            0x0800a9e1   Thumb Code    44  lc_ctype_c.o(locale$$code)
    _get_lc_numeric                          0x0800aa0d   Thumb Code    44  lc_numeric_c.o(locale$$code)
    __aeabi_dadd                             0x0800aa39   Thumb Code     0  daddsub_clz.o(x$fpl$dadd)
    _dadd                                    0x0800aa39   Thumb Code   332  daddsub_clz.o(x$fpl$dadd)
    __fpl_dcmp_Inf                           0x0800ab89   Thumb Code    24  dcmpi.o(x$fpl$dcmpinf)
    __aeabi_ddiv                             0x0800aba1   Thumb Code     0  ddiv.o(x$fpl$ddiv)
    _ddiv                                    0x0800aba1   Thumb Code   552  ddiv.o(x$fpl$ddiv)
    __aeabi_d2uiz                            0x0800ae51   Thumb Code     0  dfixu.o(x$fpl$dfixu)
    _dfixu                                   0x0800ae51   Thumb Code    90  dfixu.o(x$fpl$dfixu)
    __aeabi_i2d                              0x0800aeab   Thumb Code     0  dflt_clz.o(x$fpl$dflt)
    _dflt                                    0x0800aeab   Thumb Code    46  dflt_clz.o(x$fpl$dflt)
    __aeabi_ui2d                             0x0800aed9   Thumb Code     0  dflt_clz.o(x$fpl$dfltu)
    _dfltu                                   0x0800aed9   Thumb Code    38  dflt_clz.o(x$fpl$dfltu)
    __aeabi_cdcmple                          0x0800af01   Thumb Code     0  dleqf.o(x$fpl$dleqf)
    _dcmple                                  0x0800af01   Thumb Code   120  dleqf.o(x$fpl$dleqf)
    __fpl_dcmple_InfNaN                      0x0800af63   Thumb Code     0  dleqf.o(x$fpl$dleqf)
    __aeabi_dmul                             0x0800af79   Thumb Code     0  dmul.o(x$fpl$dmul)
    _dmul                                    0x0800af79   Thumb Code   332  dmul.o(x$fpl$dmul)
    __fpl_dnaninf                            0x0800b0cd   Thumb Code   156  dnaninf.o(x$fpl$dnaninf)
    __fpl_dretinf                            0x0800b169   Thumb Code    12  dretinf.o(x$fpl$dretinf)
    __aeabi_cdrcmple                         0x0800b175   Thumb Code     0  drleqf.o(x$fpl$drleqf)
    _drcmple                                 0x0800b175   Thumb Code   108  drleqf.o(x$fpl$drleqf)
    __aeabi_drsub                            0x0800b1e1   Thumb Code     0  daddsub_clz.o(x$fpl$drsb)
    _drsb                                    0x0800b1e1   Thumb Code    22  daddsub_clz.o(x$fpl$drsb)
    _dsqrt                                   0x0800b1f9   Thumb Code   404  dsqrt_umaal.o(x$fpl$dsqrt)
    __aeabi_dsub                             0x0800b391   Thumb Code     0  daddsub_clz.o(x$fpl$dsub)
    _dsub                                    0x0800b391   Thumb Code   464  daddsub_clz.o(x$fpl$dsub)
    __aeabi_f2d                              0x0800b565   Thumb Code     0  f2d.o(x$fpl$f2d)
    _f2d                                     0x0800b565   Thumb Code    86  f2d.o(x$fpl$f2d)
    __fpl_fnaninf                            0x0800b5bb   Thumb Code   140  fnaninf.o(x$fpl$fnaninf)
    _fp_init                                 0x0800b647   Thumb Code    10  fpinit.o(x$fpl$fpinit)
    __fplib_config_fpu_vfp                   0x0800b64f   Thumb Code     0  fpinit.o(x$fpl$fpinit)
    __fplib_config_pureend_doubles           0x0800b64f   Thumb Code     0  fpinit.o(x$fpl$fpinit)
    _printf_fp_dec                           0x0800b651   Thumb Code     4  printf1.o(x$fpl$printf1)
    __I$use$fp                               0x0800b654   Number         0  usenofp.o(x$fpl$usenofp)
    asc2_1206                                0x0800b654   Data        1140  lcd.o(.constdata)
    asc2_1608                                0x0800bac8   Data        1520  lcd.o(.constdata)
    asc2_2412                                0x0800c0b8   Data        3420  lcd.o(.constdata)
    FT5206_TPX_TBL                           0x0800ce14   Data          10  ft5206.o(.constdata)
    GT9147_CFG_TBL                           0x0800ce1e   Data         184  gt9147.o(.constdata)
    GT9147_TPX_TBL                           0x0800ced6   Data          10  gt9147.o(.constdata)
    OTT_TPX_TBL                              0x0800cee0   Data          10  ott2001a.o(.constdata)
    TP_REMIND_MSG_TBL                        0x0800ceec   Data           4  touch.o(.constdata)
    memtblsize                               0x0800cef0   Data          12  malloc.o(.constdata)
    memblksize                               0x0800cefc   Data          12  malloc.o(.constdata)
    memsize                                  0x0800cf08   Data          12  malloc.o(.constdata)
    Region$$Table$$Base                      0x0800d260   Number         0  anon$$obj.o(Region$$Table)
    Region$$Table$$Limit                     0x0800d280   Number         0  anon$$obj.o(Region$$Table)
    __ctype                                  0x0800d28d   Data           0  lc_ctype_c.o(locale$$data)
    mem3base                                 0x10000000   Data       61440  malloc.o(.ARM.__AT_0x10000000)
    mem3mapbase                              0x1000f000   Data        3840  malloc.o(.ARM.__AT_0x1000F000)
    __stdout                                 0x20000004   Data           4  usart.o(.data)
    USART_RX_STA                             0x20000008   Data           2  usart.o(.data)
    POINT_COLOR                              0x2000000a   Data           2  lcd.o(.data)
    BACK_COLOR                               0x2000000c   Data           2  lcd.o(.data)
    TransferError                            0x2000001a   Data           1  sdio_sdcard.o(.data)
    TransferEnd                              0x2000001b   Data           1  sdio_sdcard.o(.data)
    tempbuff                                 0x2000001c   Data           4  sdio_sdcard.o(.data)
    tp_dev                                   0x20000024   Data          52  touch.o(.data)
    CMD_RDX                                  0x20000058   Data           1  touch.o(.data)
    CMD_RDY                                  0x20000059   Data           1  touch.o(.data)
    USART3_RX_STA                            0x2000005a   Data           2  usart3.o(.data)
    W25QXX_TYPE                              0x2000005c   Data           2  w25qxx.o(.data)
    mallco_dev                               0x20000070   Data          36  malloc.o(.data)
    FLASH_SECTOR_COUNT                       0x2000009e   Data           2  diskio.o(.data)
    FILE_TYPE_TBL                            0x200000a0   Data         312  exfuns.o(.data)
    fs                                       0x200001d8   Data           8  exfuns.o(.data)
    file                                     0x200001e0   Data           4  exfuns.o(.data)
    ftemp                                    0x200001e4   Data           4  exfuns.o(.data)
    br                                       0x200001e8   Data           4  exfuns.o(.data)
    bw                                       0x200001ec   Data           4  exfuns.o(.data)
    fatbuf                                   0x200001f0   Data           4  exfuns.o(.data)
    portnum                                  0x200001f4   Data           4  common.o(.data)
    wifista_ssid                             0x200001f8   Data           4  common.o(.data)
    wifista_encryption                       0x200001fc   Data           4  common.o(.data)
    wifista_password                         0x20000200   Data           4  common.o(.data)
    wifiap_ssid                              0x20000204   Data           4  common.o(.data)
    wifiap_encryption                        0x20000208   Data           4  common.o(.data)
    wifiap_password                          0x2000020c   Data           4  common.o(.data)
    ATK_ESP8266_CWMODE_TBL                   0x20000210   Data          12  common.o(.data)
    ATK_ESP8266_WORKMODE_TBL                 0x2000021c   Data          12  common.o(.data)
    ATK_ESP8266_ECN_TBL                      0x20000228   Data          20  common.o(.data)
    kbd_tbl                                  0x2000023c   Data          52  common.o(.data)
    kbd_fn_tbl                               0x20000270   Data           8  common.o(.data)
    netpro                                   0x2000027c   Data           1  wifista.o(.data)
    USART3_SEND_BUF_LEFT                     0x2000027d   Data           4  wifista.o(.data)
    USART3_SEND_BUF_RIGHT                    0x20000281   Data           4  wifista.o(.data)
    USART3_SEND_BUF_DATE                     0x20000285   Data           5  wifista.o(.data)
    date                                     0x2000028c   Data           4  wifista.o(.data)
    right                                    0x20000290   Data           4  wifista.o(.data)
    left                                     0x20000294   Data           4  wifista.o(.data)
    sys_cmd_tab                              0x20000298   Data          28  usmart.o(.data)
    usmart_nametab                           0x200002b4   Data          32  usmart_config.o(.data)
    usmart_dev                               0x200002d4   Data         244  usmart_config.o(.data)
    USART_RX_BUF                             0x200003c8   Data         200  usart.o(.bss)
    lcddev                                   0x20000490   Data          14  lcd.o(.bss)
    SDIO_InitStructure                       0x200004a0   Data          24  sdio_sdcard.o(.bss)
    SDIO_CmdInitStructure                    0x200004b8   Data          20  sdio_sdcard.o(.bss)
    SDIO_DataInitStructure                   0x200004cc   Data          24  sdio_sdcard.o(.bss)
    SDCardInfo                               0x20000508   Data          88  sdio_sdcard.o(.bss)
    SDIO_DATA_BUFFER                         0x20000560   Data         512  sdio_sdcard.o(.bss)
    USART3_TX_BUF                            0x20000760   Data         400  usart3.o(.bss)
    USART3_RX_BUF                            0x200008f0   Data         400  usart3.o(.bss)
    W25QXX_BUFFER                            0x20000a80   Data        4096  w25qxx.o(.bss)
    mem1base                                 0x20001a80   Data       102400  malloc.o(.bss)
    mem1mapbase                              0x2001aa80   Data        6400  malloc.o(.bss)
    ftinfo                                   0x2001c380   Data          33  fontupd.o(.bss)
    USART3_SEND_BUF_DATEALL                  0x2001c3a1   Data          27  wifista.o(.bss)
    __libspace_start                         0x2001c3bc   Data          96  libspace.o(.bss)
    __temporary_stack_top$libspace           0x2001c41c   Data           0  libspace.o(.bss)
    mem2base                                 0x68000000   Data       983040  malloc.o(.ARM.__AT_0x68000000)
    mem2mapbase                              0x680f0000   Data       61440  malloc.o(.ARM.__AT_0x680F0000)



==============================================================================

Memory Map of the image

  Image Entry point : 0x08000189

  Load Region LR_IROM1 (Base: 0x08000000, Size: 0x0000d774, Max: 0x00100000, ABSOLUTE, COMPRESSED[0x0000d4dc])

    Execution Region ER_IROM1 (Base: 0x08000000, Size: 0x0000d3ac, Max: 0x00100000, ABSOLUTE)

    Base Addr    Size         Type   Attr      Idx    E Section Name        Object

    0x08000000   0x00000188   Data   RO          378    RESET               startup_stm32f40_41xxx.o
    0x08000188   0x00000008   Code   RO         5995  * !!!main             c_w.l(__main.o)
    0x08000190   0x00000034   Code   RO         6336    !!!scatter          c_w.l(__scatter.o)
    0x080001c4   0x0000005a   Code   RO         6334    !!dczerorl2         c_w.l(__dczerorl2.o)
    0x0800021e   0x00000002   PAD
    0x08000220   0x0000001c   Code   RO         6338    !!handler_zi        c_w.l(__scatter_zi.o)
    0x0800023c   0x00000000   Code   RO         5976    .ARM.Collect$$_printf_percent$$00000000  c_w.l(_printf_percent.o)
    0x0800023c   0x00000006   Code   RO         6074    .ARM.Collect$$_printf_percent$$00000001  c_w.l(_printf_n.o)
    0x08000242   0x00000006   Code   RO         6075    .ARM.Collect$$_printf_percent$$00000002  c_w.l(_printf_p.o)
    0x08000248   0x00000006   Code   RO         6078    .ARM.Collect$$_printf_percent$$00000003  c_w.l(_printf_f.o)
    0x0800024e   0x00000006   Code   RO         6079    .ARM.Collect$$_printf_percent$$00000004  c_w.l(_printf_e.o)
    0x08000254   0x00000006   Code   RO         6080    .ARM.Collect$$_printf_percent$$00000005  c_w.l(_printf_g.o)
    0x0800025a   0x00000006   Code   RO         6081    .ARM.Collect$$_printf_percent$$00000006  c_w.l(_printf_a.o)
    0x08000260   0x0000000a   Code   RO         6086    .ARM.Collect$$_printf_percent$$00000007  c_w.l(_printf_ll.o)
    0x0800026a   0x00000006   Code   RO         6077    .ARM.Collect$$_printf_percent$$00000008  c_w.l(_printf_i.o)
    0x08000270   0x00000006   Code   RO         5974    .ARM.Collect$$_printf_percent$$00000009  c_w.l(_printf_d.o)
    0x08000276   0x00000006   Code   RO         5975    .ARM.Collect$$_printf_percent$$0000000A  c_w.l(_printf_u.o)
    0x0800027c   0x00000006   Code   RO         6076    .ARM.Collect$$_printf_percent$$0000000B  c_w.l(_printf_o.o)
    0x08000282   0x00000006   Code   RO         5973    .ARM.Collect$$_printf_percent$$0000000C  c_w.l(_printf_x.o)
    0x08000288   0x00000006   Code   RO         6083    .ARM.Collect$$_printf_percent$$0000000D  c_w.l(_printf_lli.o)
    0x0800028e   0x00000006   Code   RO         6084    .ARM.Collect$$_printf_percent$$0000000E  c_w.l(_printf_lld.o)
    0x08000294   0x00000006   Code   RO         6085    .ARM.Collect$$_printf_percent$$0000000F  c_w.l(_printf_llu.o)
    0x0800029a   0x00000006   Code   RO         6090    .ARM.Collect$$_printf_percent$$00000010  c_w.l(_printf_llo.o)
    0x080002a0   0x00000006   Code   RO         6091    .ARM.Collect$$_printf_percent$$00000011  c_w.l(_printf_llx.o)
    0x080002a6   0x0000000a   Code   RO         6087    .ARM.Collect$$_printf_percent$$00000012  c_w.l(_printf_l.o)
    0x080002b0   0x00000006   Code   RO         5971    .ARM.Collect$$_printf_percent$$00000013  c_w.l(_printf_c.o)
    0x080002b6   0x00000006   Code   RO         5972    .ARM.Collect$$_printf_percent$$00000014  c_w.l(_printf_s.o)
    0x080002bc   0x00000006   Code   RO         6088    .ARM.Collect$$_printf_percent$$00000015  c_w.l(_printf_lc.o)
    0x080002c2   0x00000006   Code   RO         6089    .ARM.Collect$$_printf_percent$$00000016  c_w.l(_printf_ls.o)
    0x080002c8   0x00000004   Code   RO         6082    .ARM.Collect$$_printf_percent$$00000017  c_w.l(_printf_percent_end.o)
    0x080002cc   0x00000002   Code   RO         6204    .ARM.Collect$$libinit$$00000000  c_w.l(libinit.o)
    0x080002ce   0x00000004   Code   RO         6215    .ARM.Collect$$libinit$$00000001  c_w.l(libinit2.o)
    0x080002d2   0x00000000   Code   RO         6218    .ARM.Collect$$libinit$$00000004  c_w.l(libinit2.o)
    0x080002d2   0x00000000   Code   RO         6221    .ARM.Collect$$libinit$$0000000A  c_w.l(libinit2.o)
    0x080002d2   0x00000000   Code   RO         6223    .ARM.Collect$$libinit$$0000000C  c_w.l(libinit2.o)
    0x080002d2   0x00000000   Code   RO         6225    .ARM.Collect$$libinit$$0000000E  c_w.l(libinit2.o)
    0x080002d2   0x00000006   Code   RO         6226    .ARM.Collect$$libinit$$0000000F  c_w.l(libinit2.o)
    0x080002d8   0x00000000   Code   RO         6228    .ARM.Collect$$libinit$$00000011  c_w.l(libinit2.o)
    0x080002d8   0x0000000c   Code   RO         6229    .ARM.Collect$$libinit$$00000012  c_w.l(libinit2.o)
    0x080002e4   0x00000000   Code   RO         6230    .ARM.Collect$$libinit$$00000013  c_w.l(libinit2.o)
    0x080002e4   0x00000000   Code   RO         6232    .ARM.Collect$$libinit$$00000015  c_w.l(libinit2.o)
    0x080002e4   0x0000000a   Code   RO         6233    .ARM.Collect$$libinit$$00000016  c_w.l(libinit2.o)
    0x080002ee   0x00000000   Code   RO         6234    .ARM.Collect$$libinit$$00000017  c_w.l(libinit2.o)
    0x080002ee   0x00000000   Code   RO         6236    .ARM.Collect$$libinit$$00000019  c_w.l(libinit2.o)
    0x080002ee   0x00000000   Code   RO         6238    .ARM.Collect$$libinit$$0000001B  c_w.l(libinit2.o)
    0x080002ee   0x00000000   Code   RO         6240    .ARM.Collect$$libinit$$0000001D  c_w.l(libinit2.o)
    0x080002ee   0x00000000   Code   RO         6242    .ARM.Collect$$libinit$$0000001F  c_w.l(libinit2.o)
    0x080002ee   0x00000000   Code   RO         6244    .ARM.Collect$$libinit$$00000021  c_w.l(libinit2.o)
    0x080002ee   0x00000000   Code   RO         6246    .ARM.Collect$$libinit$$00000023  c_w.l(libinit2.o)
    0x080002ee   0x00000000   Code   RO         6248    .ARM.Collect$$libinit$$00000025  c_w.l(libinit2.o)
    0x080002ee   0x00000000   Code   RO         6252    .ARM.Collect$$libinit$$0000002C  c_w.l(libinit2.o)
    0x080002ee   0x00000000   Code   RO         6254    .ARM.Collect$$libinit$$0000002E  c_w.l(libinit2.o)
    0x080002ee   0x00000000   Code   RO         6256    .ARM.Collect$$libinit$$00000030  c_w.l(libinit2.o)
    0x080002ee   0x00000000   Code   RO         6258    .ARM.Collect$$libinit$$00000032  c_w.l(libinit2.o)
    0x080002ee   0x00000002   Code   RO         6259    .ARM.Collect$$libinit$$00000033  c_w.l(libinit2.o)
    0x080002f0   0x00000002   Code   RO         6287    .ARM.Collect$$libshutdown$$00000000  c_w.l(libshutdown.o)
    0x080002f2   0x00000000   Code   RO         6302    .ARM.Collect$$libshutdown$$00000003  c_w.l(libshutdown2.o)
    0x080002f2   0x00000000   Code   RO         6305    .ARM.Collect$$libshutdown$$00000006  c_w.l(libshutdown2.o)
    0x080002f2   0x00000000   Code   RO         6308    .ARM.Collect$$libshutdown$$00000009  c_w.l(libshutdown2.o)
    0x080002f2   0x00000000   Code   RO         6310    .ARM.Collect$$libshutdown$$0000000B  c_w.l(libshutdown2.o)
    0x080002f2   0x00000000   Code   RO         6313    .ARM.Collect$$libshutdown$$0000000E  c_w.l(libshutdown2.o)
    0x080002f2   0x00000002   Code   RO         6314    .ARM.Collect$$libshutdown$$0000000F  c_w.l(libshutdown2.o)
    0x080002f4   0x00000000   Code   RO         6039    .ARM.Collect$$rtentry$$00000000  c_w.l(__rtentry.o)
    0x080002f4   0x00000000   Code   RO         6115    .ARM.Collect$$rtentry$$00000002  c_w.l(__rtentry2.o)
    0x080002f4   0x00000006   Code   RO         6127    .ARM.Collect$$rtentry$$00000004  c_w.l(__rtentry4.o)
    0x080002fa   0x00000000   Code   RO         6117    .ARM.Collect$$rtentry$$00000009  c_w.l(__rtentry2.o)
    0x080002fa   0x00000004   Code   RO         6118    .ARM.Collect$$rtentry$$0000000A  c_w.l(__rtentry2.o)
    0x080002fe   0x00000000   Code   RO         6120    .ARM.Collect$$rtentry$$0000000C  c_w.l(__rtentry2.o)
    0x080002fe   0x00000008   Code   RO         6121    .ARM.Collect$$rtentry$$0000000D  c_w.l(__rtentry2.o)
    0x08000306   0x00000002   Code   RO         6209    .ARM.Collect$$rtexit$$00000000  c_w.l(rtexit.o)
    0x08000308   0x00000000   Code   RO         6261    .ARM.Collect$$rtexit$$00000002  c_w.l(rtexit2.o)
    0x08000308   0x00000004   Code   RO         6262    .ARM.Collect$$rtexit$$00000003  c_w.l(rtexit2.o)
    0x0800030c   0x00000006   Code   RO         6263    .ARM.Collect$$rtexit$$00000004  c_w.l(rtexit2.o)
    0x08000312   0x00000002   PAD
    0x08000314   0x00000010   Code   RO          430    .emb_text           sys.o
    0x08000324   0x00000040   Code   RO          379    .text               startup_stm32f40_41xxx.o
    0x08000364   0x00000002   Code   RO         5908    .text               c_w.l(use_no_semi_2.o)
    0x08000366   0x00000002   PAD
    0x08000368   0x00000024   Code   RO         5912    .text               c_w.l(c89vsprintf.o)
    0x0800038c   0x00000018   Code   RO         5914    .text               c_w.l(__2printf.o)
    0x080003a4   0x0000002c   Code   RO         5916    .text               c_w.l(__2sprintf.o)
    0x080003d0   0x0000004e   Code   RO         5924    .text               c_w.l(_printf_pad.o)
    0x0800041e   0x00000052   Code   RO         5926    .text               c_w.l(_printf_str.o)
    0x08000470   0x00000078   Code   RO         5928    .text               c_w.l(_printf_dec.o)
    0x080004e8   0x00000094   Code   RO         5948    .text               c_w.l(_printf_hex_int_ll_ptr.o)
    0x0800057c   0x00000188   Code   RO         5968    .text               c_w.l(__printf_flags_ss_wp.o)
    0x08000704   0x0000001a   Code   RO         5977    .text               c_w.l(atoi.o)
    0x0800071e   0x00000024   Code   RO         5979    .text               c_w.l(strstr.o)
    0x08000742   0x0000003e   Code   RO         5983    .text               c_w.l(strlen.o)
    0x08000780   0x0000008a   Code   RO         5987    .text               c_w.l(rt_memcpy_v6.o)
    0x0800080a   0x00000056   Code   RO         5989    .text               c_w.l(strncpy.o)
    0x08000860   0x00000080   Code   RO         5991    .text               c_w.l(strcmpv7m.o)
    0x080008e0   0x00000006   Code   RO         5993    .text               c_w.l(heapauxi.o)
    0x080008e6   0x00000002   Code   RO         6037    .text               c_w.l(use_no_semi.o)
    0x080008e8   0x00000008   Code   RO         6043    .text               c_w.l(rt_errno_addr_intlibspace.o)
    0x080008f0   0x00000016   Code   RO         6047    .text               c_w.l(_rserrno.o)
    0x08000906   0x00000024   Code   RO         6049    .text               c_w.l(_printf_truncate.o)
    0x0800092a   0x000000b2   Code   RO         6051    .text               c_w.l(_printf_intcommon.o)
    0x080009dc   0x00000028   Code   RO         6053    .text               c_w.l(_printf_charcount.o)
    0x08000a04   0x00000030   Code   RO         6055    .text               c_w.l(_printf_char_common.o)
    0x08000a34   0x0000000a   Code   RO         6057    .text               c_w.l(_sputc.o)
    0x08000a3e   0x0000002c   Code   RO         6059    .text               c_w.l(_printf_char.o)
    0x08000a6a   0x00000002   PAD
    0x08000a6c   0x00000024   Code   RO         6061    .text               c_w.l(_printf_char_file.o)
    0x08000a90   0x000000bc   Code   RO         6063    .text               c_w.l(_printf_wctomb.o)
    0x08000b4c   0x0000007c   Code   RO         6066    .text               c_w.l(_printf_longlong_dec.o)
    0x08000bc8   0x00000070   Code   RO         6072    .text               c_w.l(_printf_oct_int_ll.o)
    0x08000c38   0x00000070   Code   RO         6092    .text               c_w.l(strtol.o)
    0x08000ca8   0x00000064   Code   RO         6094    .text               c_w.l(rt_memcpy_w.o)
    0x08000d0c   0x00000044   Code   RO         6096    .text               c_w.l(rt_memclr.o)
    0x08000d50   0x00000008   Code   RO         6111    .text               c_w.l(libspace.o)
    0x08000d58   0x00000010   Code   RO         6129    .text               c_w.l(rt_ctype_table.o)
    0x08000d68   0x0000008a   Code   RO         6135    .text               c_w.l(lludiv10.o)
    0x08000df2   0x0000041a   Code   RO         6137    .text               c_w.l(_printf_fp_dec.o)
    0x0800120c   0x0000002c   Code   RO         6141    .text               c_w.l(_printf_wchar.o)
    0x08001238   0x0000009e   Code   RO         6143    .text               c_w.l(_strtoul.o)
    0x080012d6   0x00000008   Code   RO         6145    .text               c_w.l(ferror.o)
    0x080012de   0x00000040   Code   RO         6149    .text               c_w.l(_wcrtomb.o)
    0x0800131e   0x0000004e   Code   RO         6151    .text               c_w.l(rt_memclr_w.o)
    0x0800136c   0x0000004a   Code   RO         6153    .text               c_w.l(sys_stackheap_outer.o)
    0x080013b6   0x00000002   PAD
    0x080013b8   0x00000008   Code   RO         6160    .text               c_w.l(rt_locale_intlibspace.o)
    0x080013c0   0x00000080   Code   RO         6162    .text               c_w.l(_printf_fp_infnan.o)
    0x08001440   0x0000001c   Code   RO         6164    .text               c_w.l(_chval.o)
    0x0800145c   0x000000dc   Code   RO         6166    .text               c_w.l(bigflt0.o)
    0x08001538   0x0000000c   Code   RO         6197    .text               c_w.l(exit.o)
    0x08001544   0x0000003e   Code   RO         6169    CL$$btod_d2e        c_w.l(btod.o)
    0x08001582   0x00000046   Code   RO         6171    CL$$btod_d2e_denorm_low  c_w.l(btod.o)
    0x080015c8   0x00000060   Code   RO         6170    CL$$btod_d2e_norm_op1  c_w.l(btod.o)
    0x08001628   0x00000338   Code   RO         6179    CL$$btod_div_common  c_w.l(btod.o)
    0x08001960   0x000000c6   Code   RO         6176    CL$$btod_e2e        c_w.l(btod.o)
    0x08001a26   0x00000028   Code   RO         6173    CL$$btod_ediv       c_w.l(btod.o)
    0x08001a4e   0x00000028   Code   RO         6172    CL$$btod_emul       c_w.l(btod.o)
    0x08001a76   0x00000244   Code   RO         6178    CL$$btod_mult_common  c_w.l(btod.o)
    0x08001cba   0x00000008   Code   RO          506    i.AT24CXX_Init      24cxx.o
    0x08001cc2   0x0000002c   Code   RO          508    i.AT24CXX_ReadLenByte  24cxx.o
    0x08001cee   0x00000058   Code   RO          509    i.AT24CXX_ReadOneByte  24cxx.o
    0x08001d46   0x0000002a   Code   RO          511    i.AT24CXX_WriteLenByte  24cxx.o
    0x08001d70   0x00000050   Code   RO          512    i.AT24CXX_WriteOneByte  24cxx.o
    0x08001dc0   0x00000004   Code   RO          237    i.BusFault_Handler  stm32f4xx_it.o
    0x08001dc4   0x0000000a   Code   RO         1259    i.CT_Delay          ctiic.o
    0x08001dce   0x00000002   PAD
    0x08001dd0   0x00000054   Code   RO         1260    i.CT_IIC_Ack        ctiic.o
    0x08001e24   0x00000044   Code   RO         1261    i.CT_IIC_Init       ctiic.o
    0x08001e68   0x00000054   Code   RO         1262    i.CT_IIC_NAck       ctiic.o
    0x08001ebc   0x0000006c   Code   RO         1263    i.CT_IIC_Read_Byte  ctiic.o
    0x08001f28   0x00000064   Code   RO         1264    i.CT_IIC_Send_Byte  ctiic.o
    0x08001f8c   0x0000004c   Code   RO         1265    i.CT_IIC_Start      ctiic.o
    0x08001fd8   0x00000048   Code   RO         1266    i.CT_IIC_Stop       ctiic.o
    0x08002020   0x00000060   Code   RO         1267    i.CT_IIC_Wait_Ack   ctiic.o
    0x08002080   0x00000030   Code   RO          920    i.CmdError          sdio_sdcard.o
    0x080020b0   0x00000064   Code   RO          921    i.CmdResp1Error     sdio_sdcard.o
    0x08002114   0x00000054   Code   RO          922    i.CmdResp2Error     sdio_sdcard.o
    0x08002168   0x00000038   Code   RO          923    i.CmdResp3Error     sdio_sdcard.o
    0x080021a0   0x00000094   Code   RO          924    i.CmdResp6Error     sdio_sdcard.o
    0x08002234   0x0000004c   Code   RO          925    i.CmdResp7Error     sdio_sdcard.o
    0x08002280   0x00000028   Code   RO         4596    i.DAC_Cmd           stm32f4xx_dac.o
    0x080022a8   0x00000034   Code   RO         4604    i.DAC_Init          stm32f4xx_dac.o
    0x080022dc   0x00000020   Code   RO         4605    i.DAC_SetChannel1Data  stm32f4xx_dac.o
    0x080022fc   0x00000020   Code   RO         4606    i.DAC_SetChannel2Data  stm32f4xx_dac.o
    0x0800231c   0x00000016   Code   RO         1909    i.DMA_Cmd           stm32f4xx_dma.o
    0x08002332   0x00000002   PAD
    0x08002334   0x00000158   Code   RO         1910    i.DMA_DeInit        stm32f4xx_dma.o
    0x0800248c   0x00000016   Code   RO         1913    i.DMA_FlowControllerConfig  stm32f4xx_dma.o
    0x080024a2   0x00000014   Code   RO         1914    i.DMA_GetCmdStatus  stm32f4xx_dma.o
    0x080024b6   0x00000002   PAD
    0x080024b8   0x00000058   Code   RO         1921    i.DMA_Init          stm32f4xx_dma.o
    0x08002510   0x0000007c   Code   RO         1823    i.Dac1_Set_Vol      dac.o
    0x0800258c   0x0000007c   Code   RO         1824    i.Dac2_Set_Vol      dac.o
    0x08002608   0x00000078   Code   RO         1825    i.Dac_Init          dac.o
    0x08002680   0x00000002   Code   RO          238    i.DebugMon_Handler  stm32f4xx_it.o
    0x08002682   0x00000002   PAD
    0x08002684   0x000000e8   Code   RO         1334    i.FT5206_Init       ft5206.o
    0x0800276c   0x00000058   Code   RO         1335    i.FT5206_RD_Reg     ft5206.o
    0x080027c4   0x0000019c   Code   RO         1336    i.FT5206_Scan       ft5206.o
    0x08002960   0x00000052   Code   RO         1337    i.FT5206_WR_Reg     ft5206.o
    0x080029b2   0x00000002   PAD
    0x080029b4   0x00000194   Code   RO          926    i.FindSCR           sdio_sdcard.o
    0x08002b48   0x00000090   Code   RO         2241    i.GPIO_Init         stm32f4xx_gpio.o
    0x08002bd8   0x00000046   Code   RO         2242    i.GPIO_PinAFConfig  stm32f4xx_gpio.o
    0x08002c1e   0x00000004   Code   RO         2248    i.GPIO_ResetBits    stm32f4xx_gpio.o
    0x08002c22   0x00000004   Code   RO         2249    i.GPIO_SetBits      stm32f4xx_gpio.o
    0x08002c26   0x00000002   PAD
    0x08002c28   0x00000130   Code   RO         1380    i.GT9147_Init       gt9147.o
    0x08002d58   0x00000062   Code   RO         1381    i.GT9147_RD_Reg     gt9147.o
    0x08002dba   0x00000002   PAD
    0x08002dbc   0x00000200   Code   RO         1382    i.GT9147_Scan       gt9147.o
    0x08002fbc   0x0000005c   Code   RO         1383    i.GT9147_Send_Cfg   gt9147.o
    0x08003018   0x0000005c   Code   RO         1384    i.GT9147_WR_Reg     gt9147.o
    0x08003074   0x000000e0   Code   RO         5449    i.Get_HzMat         text.o
    0x08003154   0x00000004   Code   RO          239    i.HardFault_Handler  stm32f4xx_it.o
    0x08003158   0x00000050   Code   RO          577    i.IIC_Ack           myiic.o
    0x080031a8   0x0000004c   Code   RO          578    i.IIC_Init          myiic.o
    0x080031f4   0x00000050   Code   RO          579    i.IIC_NAck          myiic.o
    0x08003244   0x0000006c   Code   RO          580    i.IIC_Read_Byte     myiic.o
    0x080032b0   0x00000068   Code   RO          581    i.IIC_Send_Byte     myiic.o
    0x08003318   0x0000004c   Code   RO          582    i.IIC_Start         myiic.o
    0x08003364   0x0000004c   Code   RO          583    i.IIC_Stop          myiic.o
    0x080033b0   0x00000060   Code   RO          584    i.IIC_Wait_Ack      myiic.o
    0x08003410   0x000000a0   Code   RO          927    i.IsCardProgramming  sdio_sdcard.o
    0x080034b0   0x0000006c   Code   RO          675    i.LCD_Clear         lcd.o
    0x0800351c   0x000000b0   Code   RO          680    i.LCD_DrawLine      lcd.o
    0x080035cc   0x00000024   Code   RO          681    i.LCD_DrawPoint     lcd.o
    0x080035f0   0x00000098   Code   RO          683    i.LCD_Draw_Circle   lcd.o
    0x08003688   0x00000180   Code   RO          684    i.LCD_Fast_DrawPoint  lcd.o
    0x08003808   0x000000b8   Code   RO          685    i.LCD_Fill          lcd.o
    0x080038c0   0x00000016   Code   RO          687    i.LCD_Pow           lcd.o
    0x080038d6   0x00000002   PAD
    0x080038d8   0x000001a8   Code   RO          693    i.LCD_SetCursor     lcd.o
    0x08003a80   0x00000128   Code   RO          695    i.LCD_ShowChar      lcd.o
    0x08003ba8   0x00000094   Code   RO          696    i.LCD_ShowNum       lcd.o
    0x08003c3c   0x00000066   Code   RO          697    i.LCD_ShowString    lcd.o
    0x08003ca2   0x00000002   PAD
    0x08003ca4   0x00000018   Code   RO          699    i.LCD_WR_DATA       lcd.o
    0x08003cbc   0x00000018   Code   RO          700    i.LCD_WR_REG        lcd.o
    0x08003cd4   0x00000014   Code   RO          702    i.LCD_WriteRAM_Prepare  lcd.o
    0x08003ce8   0x00000014   Code   RO          703    i.LCD_WriteReg      lcd.o
    0x08003cfc   0x00000088   Code   RO          896    i.LED_Init          led.o
    0x08003d84   0x00000004   Code   RO          240    i.MemManage_Handler  stm32f4xx_it.o
    0x08003d88   0x00000002   Code   RO          241    i.NMI_Handler       stm32f4xx_it.o
    0x08003d8a   0x00000002   PAD
    0x08003d8c   0x00000078   Code   RO         1859    i.NVIC_Init         misc.o
    0x08003e04   0x00000014   Code   RO         1860    i.NVIC_PriorityGroupConfig  misc.o
    0x08003e18   0x000000ac   Code   RO         1432    i.OTT2001A_Init     ott2001a.o
    0x08003ec4   0x00000062   Code   RO         1433    i.OTT2001A_RD_Reg   ott2001a.o
    0x08003f26   0x00000002   PAD
    0x08003f28   0x00000204   Code   RO         1434    i.OTT2001A_Scan     ott2001a.o
    0x0800412c   0x0000001c   Code   RO         1435    i.OTT2001A_SensorControl  ott2001a.o
    0x08004148   0x0000005c   Code   RO         1436    i.OTT2001A_WR_Reg   ott2001a.o
    0x080041a4   0x00000002   Code   RO          242    i.PendSV_Handler    stm32f4xx_it.o
    0x080041a6   0x00000002   PAD
    0x080041a8   0x00000020   Code   RO         2342    i.RCC_AHB1PeriphClockCmd  stm32f4xx_rcc.o
    0x080041c8   0x00000020   Code   RO         2351    i.RCC_APB1PeriphClockCmd  stm32f4xx_rcc.o
    0x080041e8   0x00000020   Code   RO         2353    i.RCC_APB1PeriphResetCmd  stm32f4xx_rcc.o
    0x08004208   0x00000020   Code   RO         2354    i.RCC_APB2PeriphClockCmd  stm32f4xx_rcc.o
    0x08004228   0x00000020   Code   RO         2356    i.RCC_APB2PeriphResetCmd  stm32f4xx_rcc.o
    0x08004248   0x000000e8   Code   RO         2363    i.RCC_GetClocksFreq  stm32f4xx_rcc.o
    0x08004330   0x000000ac   Code   RO          928    i.SDEnWideBus       sdio_sdcard.o
    0x080043dc   0x0000000c   Code   RO         3039    i.SDIO_ClearFlag    stm32f4xx_sdio.o
    0x080043e8   0x00000014   Code   RO          929    i.SDIO_Clock_Set    sdio_sdcard.o
    0x080043fc   0x00000034   Code   RO         3045    i.SDIO_DataConfig   stm32f4xx_sdio.o
    0x08004430   0x00000018   Code   RO         3051    i.SDIO_GetFlagStatus  stm32f4xx_sdio.o
    0x08004448   0x00000010   Code   RO         3053    i.SDIO_GetPowerState  stm32f4xx_sdio.o
    0x08004458   0x00000008   Code   RO          930    i.SDIO_IRQHandler   sdio_sdcard.o
    0x08004460   0x00000030   Code   RO         3056    i.SDIO_Init         stm32f4xx_sdio.o
    0x08004490   0x00000038   Code   RO          931    i.SDIO_Register_Deinit  sdio_sdcard.o
    0x080044c8   0x0000002c   Code   RO         3059    i.SDIO_SendCommand  stm32f4xx_sdio.o
    0x080044f4   0x0000000c   Code   RO         3061    i.SDIO_SetPowerState  stm32f4xx_sdio.o
    0x08004500   0x00000080   Code   RO          932    i.SD_DMA_Config     sdio_sdcard.o
    0x08004580   0x00000068   Code   RO          933    i.SD_EnableWideBusOperation  sdio_sdcard.o
    0x080045e8   0x00000314   Code   RO          934    i.SD_GetCardInfo    sdio_sdcard.o
    0x080048fc   0x00000118   Code   RO          936    i.SD_Init           sdio_sdcard.o
    0x08004a14   0x00000164   Code   RO          937    i.SD_InitializeCards  sdio_sdcard.o
    0x08004b78   0x000001e4   Code   RO          939    i.SD_PowerON        sdio_sdcard.o
    0x08004d5c   0x00000154   Code   RO          940    i.SD_ProcessIRQSrc  sdio_sdcard.o
    0x08004eb0   0x00000268   Code   RO          941    i.SD_ReadBlock      sdio_sdcard.o
    0x08005118   0x000000a0   Code   RO          942    i.SD_ReadDisk       sdio_sdcard.o
    0x080051b8   0x000002f4   Code   RO          943    i.SD_ReadMultiBlocks  sdio_sdcard.o
    0x080054ac   0x00000030   Code   RO          944    i.SD_SelectDeselect  sdio_sdcard.o
    0x080054dc   0x00000018   Code   RO          946    i.SD_SetDeviceMode  sdio_sdcard.o
    0x080054f4   0x00000388   Code   RO          947    i.SD_WriteBlock     sdio_sdcard.o
    0x0800587c   0x000000a0   Code   RO          948    i.SD_WriteDisk      sdio_sdcard.o
    0x0800591c   0x000003d0   Code   RO          949    i.SD_WriteMultiBlocks  sdio_sdcard.o
    0x08005cec   0x000000c4   Code   RO         1138    i.SPI1_Init         spi.o
    0x08005db0   0x00000038   Code   RO         1139    i.SPI1_ReadWriteByte  spi.o
    0x08005de8   0x00000028   Code   RO         1140    i.SPI1_SetSpeed     spi.o
    0x08005e10   0x00000018   Code   RO         3242    i.SPI_Cmd           stm32f4xx_spi.o
    0x08005e28   0x00000012   Code   RO         3250    i.SPI_I2S_GetFlagStatus  stm32f4xx_spi.o
    0x08005e3a   0x00000006   Code   RO         3253    i.SPI_I2S_ReceiveData  stm32f4xx_spi.o
    0x08005e40   0x00000004   Code   RO         3254    i.SPI_I2S_SendData  stm32f4xx_spi.o
    0x08005e44   0x0000003c   Code   RO         3255    i.SPI_Init          stm32f4xx_spi.o
    0x08005e80   0x00000002   Code   RO          243    i.SVC_Handler       stm32f4xx_it.o
    0x08005e82   0x00000002   PAD
    0x08005e84   0x000000ec   Code   RO          338    i.SetSysClock       system_stm32f4xx.o
    0x08005f70   0x000000c8   Code   RO         5450    i.Show_Font         text.o
    0x08006038   0x000000c2   Code   RO         5451    i.Show_Str          text.o
    0x080060fa   0x00000002   PAD
    0x080060fc   0x00000070   Code   RO         5452    i.Show_Str_Mid      text.o
    0x0800616c   0x00000028   Code   RO         1863    i.SysTick_CLKSourceConfig  misc.o
    0x08006194   0x00000002   Code   RO          244    i.SysTick_Handler   stm32f4xx_it.o
    0x08006196   0x00000002   PAD
    0x08006198   0x00000068   Code   RO          340    i.SystemInit        system_stm32f4xx.o
    0x08006200   0x00000038   Code   RO         5712    i.TIM4_IRQHandler   usmart.o
    0x08006238   0x00000034   Code   RO         1225    i.TIM7_IRQHandler   timer.o
    0x0800626c   0x00000054   Code   RO         1226    i.TIM7_Int_Init     timer.o
    0x080062c0   0x00000006   Code   RO         3474    i.TIM_ClearFlag     stm32f4xx_tim.o
    0x080062c6   0x00000006   Code   RO         3475    i.TIM_ClearITPendingBit  stm32f4xx_tim.o
    0x080062cc   0x00000018   Code   RO         3480    i.TIM_Cmd           stm32f4xx_tim.o
    0x080062e4   0x00000006   Code   RO         3499    i.TIM_GetCounter    stm32f4xx_tim.o
    0x080062ea   0x00000012   Code   RO         3500    i.TIM_GetFlagStatus  stm32f4xx_tim.o
    0x080062fc   0x00000022   Code   RO         3501    i.TIM_GetITStatus   stm32f4xx_tim.o
    0x0800631e   0x00000012   Code   RO         3505    i.TIM_ITConfig      stm32f4xx_tim.o
    0x08006330   0x00000004   Code   RO         3540    i.TIM_SetAutoreload  stm32f4xx_tim.o
    0x08006334   0x00000004   Code   RO         3546    i.TIM_SetCounter    stm32f4xx_tim.o
    0x08006338   0x00000084   Code   RO         3552    i.TIM_TimeBaseInit  stm32f4xx_tim.o
    0x080063bc   0x000001a8   Code   RO         1484    i.TP_Adj_Info_Show  touch.o
    0x08006564   0x00000900   Code   RO         1485    i.TP_Adjust         touch.o
    0x08006e64   0x00000070   Code   RO         1487    i.TP_Drow_Touch_Point  touch.o
    0x08006ed4   0x000000b0   Code   RO         1488    i.TP_Get_Adjdata    touch.o
    0x08006f84   0x00000144   Code   RO         1489    i.TP_Init           touch.o
    0x080070c8   0x00000094   Code   RO         1490    i.TP_Read_AD        touch.o
    0x0800715c   0x00000078   Code   RO         1491    i.TP_Read_XOY       touch.o
    0x080071d4   0x00000030   Code   RO         1492    i.TP_Read_XY        touch.o
    0x08007204   0x000000c0   Code   RO         1493    i.TP_Read_XY2       touch.o
    0x080072c4   0x00000080   Code   RO         1494    i.TP_Save_Adjdata   touch.o
    0x08007344   0x000000fc   Code   RO         1495    i.TP_Scan           touch.o
    0x08007440   0x0000004c   Code   RO         1496    i.TP_Write_Byte     touch.o
    0x0800748c   0x0000005c   Code   RO         5713    i.Timer4_Init       usmart.o
    0x080074e8   0x00000088   Code   RO          452    i.USART1_IRQHandler  usart.o
    0x08007570   0x00000070   Code   RO         1592    i.USART3_IRQHandler  usart3.o
    0x080075e0   0x00000012   Code   RO         4030    i.USART_ClearFlag   stm32f4xx_usart.o
    0x080075f2   0x00000018   Code   RO         4034    i.USART_Cmd         stm32f4xx_usart.o
    0x0800760a   0x00000002   PAD
    0x0800760c   0x000000f0   Code   RO         4036    i.USART_DeInit      stm32f4xx_usart.o
    0x080076fc   0x0000001a   Code   RO         4037    i.USART_GetFlagStatus  stm32f4xx_usart.o
    0x08007716   0x00000054   Code   RO         4038    i.USART_GetITStatus  stm32f4xx_usart.o
    0x0800776a   0x0000004a   Code   RO         4040    i.USART_ITConfig    stm32f4xx_usart.o
    0x080077b4   0x000000d4   Code   RO         4041    i.USART_Init        stm32f4xx_usart.o
    0x08007888   0x0000000a   Code   RO         4048    i.USART_ReceiveData  stm32f4xx_usart.o
    0x08007892   0x00000008   Code   RO         4051    i.USART_SendData    stm32f4xx_usart.o
    0x0800789a   0x00000004   Code   RO          245    i.UsageFault_Handler  stm32f4xx_it.o
    0x0800789e   0x00000002   PAD
    0x080078a0   0x00000058   Code   RO         1643    i.W25QXX_Erase_Sector  w25qxx.o
    0x080078f8   0x00000078   Code   RO         1644    i.W25QXX_Init       w25qxx.o
    0x08007970   0x00000050   Code   RO         1646    i.W25QXX_Read       w25qxx.o
    0x080079c0   0x00000048   Code   RO         1647    i.W25QXX_ReadID     w25qxx.o
    0x08007a08   0x0000002c   Code   RO         1648    i.W25QXX_ReadSR     w25qxx.o
    0x08007a34   0x00000012   Code   RO         1650    i.W25QXX_Wait_Busy  w25qxx.o
    0x08007a46   0x00000002   PAD
    0x08007a48   0x000000b8   Code   RO         1651    i.W25QXX_Write      w25qxx.o
    0x08007b00   0x00000020   Code   RO         1653    i.W25QXX_Write_Enable  w25qxx.o
    0x08007b20   0x00000046   Code   RO         1654    i.W25QXX_Write_NoCheck  w25qxx.o
    0x08007b66   0x00000002   PAD
    0x08007b68   0x00000054   Code   RO         1655    i.W25QXX_Write_Page  w25qxx.o
    0x08007bbc   0x00000030   Code   RO         6207    i.__ARM_fpclassify  m_wm.l(fpclassify.o)
    0x08007bec   0x0000007a   Code   RO         6025    i.__hardfp_sqrt     m_wm.l(sqrt.o)
    0x08007c66   0x0000000e   Code   RO         5961    i._is_digit         c_w.l(__printf_wp.o)
    0x08007c74   0x00000006   Code   RO          453    i._sys_exit         usart.o
    0x08007c7a   0x00000002   PAD
    0x08007c7c   0x0000003c   Code   RO         5546    i.atk_8266_at_response  common.o
    0x08007cb8   0x00000034   Code   RO         5547    i.atk_8266_check_cmd  common.o
    0x08007cec   0x00000044   Code   RO         5548    i.atk_8266_consta_check  common.o
    0x08007d30   0x00000054   Code   RO         5551    i.atk_8266_get_wanip  common.o
    0x08007d84   0x00000354   Code   RO         5556    i.atk_8266_msg_show  common.o
    0x080080d8   0x00000104   Code   RO         5557    i.atk_8266_mtest_ui  common.o
    0x080081dc   0x00000070   Code   RO         5559    i.atk_8266_quit_trans  common.o
    0x0800824c   0x00000074   Code   RO         5560    i.atk_8266_send_cmd  common.o
    0x080082c0   0x000001a0   Code   RO         5562    i.atk_8266_test     common.o
    0x08008460   0x00000108   Code   RO         5563    i.atk_8266_wificonf_show  common.o
    0x08008568   0x000006d0   Code   RO         5684    i.atk_8266_wifista_test  wifista.o
    0x08008c38   0x00000090   Code   RO         4795    i.check_fs          ff.o
    0x08008cc8   0x00000012   Code   RO          950    i.convert_from_bytes_to_power_of_two  sdio_sdcard.o
    0x08008cda   0x00000002   PAD
    0x08008cdc   0x0000003c   Code   RO          386    i.delay_init        delay.o
    0x08008d18   0x00000038   Code   RO          387    i.delay_ms          delay.o
    0x08008d50   0x0000004c   Code   RO          388    i.delay_us          delay.o
    0x08008d9c   0x0000004c   Code   RO          389    i.delay_xms         delay.o
    0x08008de8   0x00000038   Code   RO         5142    i.disk_initialize   diskio.o
    0x08008e20   0x00000062   Code   RO         5144    i.disk_read         diskio.o
    0x08008e82   0x00000006   Code   RO         5145    i.disk_status       diskio.o
    0x08008e88   0x00000062   Code   RO         5146    i.disk_write        diskio.o
    0x08008eea   0x00000002   PAD
    0x08008eec   0x00000080   Code   RO         5213    i.exfuns_init       exfuns.o
    0x08008f6c   0x0000005c   Code   RO         4818    i.f_mount           ff.o
    0x08008fc8   0x00000388   Code   RO         4834    i.find_volume       ff.o
    0x08009350   0x00000044   Code   RO         5494    i.font_init         fontupd.o
    0x08009394   0x0000001c   Code   RO          454    i.fputc             usart.o
    0x080093b0   0x0000004a   Code   RO         4840    i.get_ldnumber      ff.o
    0x080093fa   0x00000002   PAD
    0x080093fc   0x00000088   Code   RO            4    i.main              main.o
    0x08009484   0x00000032   Code   RO         4845    i.move_window       ff.o
    0x080094b6   0x00000002   PAD
    0x080094b8   0x0000006c   Code   RO         4714    i.my_mem_free       malloc.o
    0x08009524   0x00000044   Code   RO         4715    i.my_mem_init       malloc.o
    0x08009568   0x000000a8   Code   RO         4716    i.my_mem_malloc     malloc.o
    0x08009610   0x00000040   Code   RO         4717    i.my_mem_perused    malloc.o
    0x08009650   0x00000024   Code   RO         4718    i.myfree            malloc.o
    0x08009674   0x00000028   Code   RO         4719    i.mymalloc          malloc.o
    0x0800969c   0x00000014   Code   RO         4721    i.mymemset          malloc.o
    0x080096b0   0x00000006   Code   RO         5714    i.read_addr         usmart.o
    0x080096b6   0x0000004c   Code   RO         4853    i.sync_window       ff.o
    0x08009702   0x00000002   PAD
    0x08009704   0x00000050   Code   RO         1593    i.u3_printf         usart3.o
    0x08009754   0x000000b4   Code   RO          455    i.uart_init         usart.o
    0x08009808   0x000000e0   Code   RO         1594    i.usart3_init       usart3.o
    0x080098e8   0x000000b0   Code   RO         5715    i.usmart_cmd_rec    usmart.o
    0x08009998   0x000002d4   Code   RO         5716    i.usmart_exe        usmart.o
    0x08009c6c   0x000000c8   Code   RO         5825    i.usmart_get_aparm  usmart_str.o
    0x08009d34   0x00000036   Code   RO         5826    i.usmart_get_cmdname  usmart_str.o
    0x08009d6a   0x00000002   PAD
    0x08009d6c   0x000001c0   Code   RO         5827    i.usmart_get_fname  usmart_str.o
    0x08009f2c   0x0000010c   Code   RO         5828    i.usmart_get_fparam  usmart_str.o
    0x0800a038   0x00000020   Code   RO         5829    i.usmart_get_parmpos  usmart_str.o
    0x0800a058   0x00000044   Code   RO         5717    i.usmart_get_runtime  usmart.o
    0x0800a09c   0x00000028   Code   RO         5718    i.usmart_init       usmart.o
    0x0800a0c4   0x00000016   Code   RO         5830    i.usmart_pow        usmart_str.o
    0x0800a0da   0x00000002   PAD
    0x0800a0dc   0x00000030   Code   RO         5719    i.usmart_reset_runtime  usmart.o
    0x0800a10c   0x000000bc   Code   RO         5720    i.usmart_scan       usmart.o
    0x0800a1c8   0x00000016   Code   RO         5831    i.usmart_search_nextc  usmart_str.o
    0x0800a1de   0x000000ca   Code   RO         5832    i.usmart_str2num    usmart_str.o
    0x0800a2a8   0x00000022   Code   RO         5833    i.usmart_strcmp     usmart_str.o
    0x0800a2ca   0x00000016   Code   RO         5834    i.usmart_strcopy    usmart_str.o
    0x0800a2e0   0x00000018   Code   RO         5835    i.usmart_strlen     usmart_str.o
    0x0800a2f8   0x000006e4   Code   RO         5721    i.usmart_sys_cmd_exe  usmart.o
    0x0800a9dc   0x00000004   Code   RO         5722    i.write_addr        usmart.o
    0x0800a9e0   0x0000002c   Code   RO         6192    locale$$code        c_w.l(lc_ctype_c.o)
    0x0800aa0c   0x0000002c   Code   RO         6195    locale$$code        c_w.l(lc_numeric_c.o)
    0x0800aa38   0x00000150   Code   RO         5997    x$fpl$dadd          fz_wm.l(daddsub_clz.o)
    0x0800ab88   0x00000018   Code   RO         6098    x$fpl$dcmpinf       fz_wm.l(dcmpi.o)
    0x0800aba0   0x000002b0   Code   RO         6004    x$fpl$ddiv          fz_wm.l(ddiv.o)
    0x0800ae50   0x0000005a   Code   RO         6007    x$fpl$dfixu         fz_wm.l(dfixu.o)
    0x0800aeaa   0x0000002e   Code   RO         6012    x$fpl$dflt          fz_wm.l(dflt_clz.o)
    0x0800aed8   0x00000026   Code   RO         6011    x$fpl$dfltu         fz_wm.l(dflt_clz.o)
    0x0800aefe   0x00000002   PAD
    0x0800af00   0x00000078   Code   RO         6017    x$fpl$dleqf         fz_wm.l(dleqf.o)
    0x0800af78   0x00000154   Code   RO         6019    x$fpl$dmul          fz_wm.l(dmul.o)
    0x0800b0cc   0x0000009c   Code   RO         6100    x$fpl$dnaninf       fz_wm.l(dnaninf.o)
    0x0800b168   0x0000000c   Code   RO         6102    x$fpl$dretinf       fz_wm.l(dretinf.o)
    0x0800b174   0x0000006c   Code   RO         6021    x$fpl$drleqf        fz_wm.l(drleqf.o)
    0x0800b1e0   0x00000016   Code   RO         5998    x$fpl$drsb          fz_wm.l(daddsub_clz.o)
    0x0800b1f6   0x00000002   PAD
    0x0800b1f8   0x00000198   Code   RO         6104    x$fpl$dsqrt         fz_wm.l(dsqrt_umaal.o)
    0x0800b390   0x000001d4   Code   RO         5999    x$fpl$dsub          fz_wm.l(daddsub_clz.o)
    0x0800b564   0x00000056   Code   RO         6023    x$fpl$f2d           fz_wm.l(f2d.o)
    0x0800b5ba   0x0000008c   Code   RO         6106    x$fpl$fnaninf       fz_wm.l(fnaninf.o)
    0x0800b646   0x0000000a   Code   RO         6275    x$fpl$fpinit        fz_wm.l(fpinit.o)
    0x0800b650   0x00000004   Code   RO         6108    x$fpl$printf1       fz_wm.l(printf1.o)
    0x0800b654   0x00000000   Code   RO         6110    x$fpl$usenofp       fz_wm.l(usenofp.o)
    0x0800b654   0x000017c0   Data   RO          706    .constdata          lcd.o
    0x0800ce14   0x0000000a   Data   RO         1338    .constdata          ft5206.o
    0x0800ce1e   0x000000c2   Data   RO         1385    .constdata          gt9147.o
    0x0800cee0   0x0000000a   Data   RO         1437    .constdata          ott2001a.o
    0x0800ceea   0x00000002   PAD
    0x0800ceec   0x00000004   Data   RO         1497    .constdata          touch.o
    0x0800cef0   0x00000024   Data   RO         4728    .constdata          malloc.o
    0x0800cf14   0x00000028   Data   RO         5949    .constdata          c_w.l(_printf_hex_int_ll_ptr.o)
    0x0800cf3c   0x00000011   Data   RO         5969    .constdata          c_w.l(__printf_flags_ss_wp.o)
    0x0800cf4d   0x00000003   PAD
    0x0800cf50   0x00000008   Data   RO         6064    .constdata          c_w.l(_printf_wctomb.o)
    0x0800cf58   0x00000094   Data   RO         6167    .constdata          c_w.l(bigflt0.o)
    0x0800cfec   0x00000079   Data   RO         1498    .conststring        touch.o
    0x0800d065   0x00000003   PAD
    0x0800d068   0x00000064   Data   RO         5216    .conststring        exfuns.o
    0x0800d0cc   0x000000da   Data   RO         5564    .conststring        common.o
    0x0800d1a6   0x00000002   PAD
    0x0800d1a8   0x00000028   Data   RO         5723    .conststring        usmart.o
    0x0800d1d0   0x00000090   Data   RO         5800    .conststring        usmart_config.o
    0x0800d260   0x00000020   Data   RO         6332    Region$$Table       anon$$obj.o
    0x0800d280   0x00000110   Data   RO         6191    locale$$data        c_w.l(lc_ctype_c.o)
    0x0800d390   0x0000001c   Data   RO         6194    locale$$data        c_w.l(lc_numeric_c.o)


    Execution Region RW_IRAM1 (Base: 0x20000000, Size: 0x0001ca20, Max: 0x00020000, ABSOLUTE, COMPRESSED[0x00000130])

    Base Addr    Size         Type   Attr      Idx    E Section Name        Object

    0x20000000   0x00000004   Data   RW          390    .data               delay.o
    0x20000004   0x00000006   Data   RW          457    .data               usart.o
    0x2000000a   0x00000004   Data   RW          707    .data               lcd.o
    0x2000000e   0x00000002   PAD
    0x20000010   0x00000010   Data   RW          952    .data               sdio_sdcard.o
    0x20000020   0x00000001   Data   RW         1339    .data               ft5206.o
    0x20000021   0x00000001   Data   RW         1386    .data               gt9147.o
    0x20000022   0x00000001   Data   RW         1438    .data               ott2001a.o
    0x20000023   0x00000001   PAD
    0x20000024   0x00000036   Data   RW         1499    .data               touch.o
    0x2000005a   0x00000002   Data   RW         1596    .data               usart3.o
    0x2000005c   0x00000002   Data   RW         1658    .data               w25qxx.o
    0x2000005e   0x00000010   Data   RW         2395    .data               stm32f4xx_rcc.o
    0x2000006e   0x00000002   PAD
    0x20000070   0x00000024   Data   RW         4729    .data               malloc.o
    0x20000094   0x0000000a   Data   RW         4856    .data               ff.o
    0x2000009e   0x00000002   Data   RW         5150    .data               diskio.o
    0x200000a0   0x00000154   Data   RW         5217    .data               exfuns.o
    0x200001f4   0x00000085   Data   RW         5565    .data               common.o
    0x20000279   0x00000003   PAD
    0x2000027c   0x0000001c   Data   RW         5686    .data               wifista.o
    0x20000298   0x0000001c   Data   RW         5724    .data               usmart.o
    0x200002b4   0x00000114   Data   RW         5801    .data               usmart_config.o
    0x200003c8   0x000000c8   Zero   RW          456    .bss                usart.o
    0x20000490   0x0000000e   Zero   RW          705    .bss                lcd.o
    0x2000049e   0x00000002   PAD
    0x200004a0   0x000002c0   Zero   RW          951    .bss                sdio_sdcard.o
    0x20000760   0x00000320   Zero   RW         1595    .bss                usart3.o
    0x20000a80   0x00001000   Zero   RW         1657    .bss                w25qxx.o
    0x20001a80   0x0001a900   Zero   RW         4727    .bss                malloc.o
    0x2001c380   0x00000021   Zero   RW         5498    .bss                fontupd.o
    0x2001c3a1   0x0000001b   Zero   RW         5685    .bss                wifista.o
    0x2001c3bc   0x00000060   Zero   RW         6112    .bss                c_w.l(libspace.o)
    0x2001c41c   0x00000004   PAD
    0x2001c420   0x00000200   Zero   RW          377    HEAP                startup_stm32f40_41xxx.o
    0x2001c620   0x00000400   Zero   RW          376    STACK               startup_stm32f40_41xxx.o



  Load Region LR$$.ARM.__AT_0x10000000 (Base: 0x10000000, Size: 0x00000000, Max: 0x0000f000, ABSOLUTE)

    Execution Region ER$$.ARM.__AT_0x10000000 (Base: 0x10000000, Size: 0x0000f000, Max: 0x0000f000, ABSOLUTE, UNINIT)

    Base Addr    Size         Type   Attr      Idx    E Section Name        Object

    0x10000000   0x0000f000   Zero   RW         4723    .ARM.__AT_0x10000000  malloc.o



  Load Region LR$$.ARM.__AT_0x1000F000 (Base: 0x1000f000, Size: 0x00000000, Max: 0x00000f00, ABSOLUTE)

    Execution Region ER$$.ARM.__AT_0x1000F000 (Base: 0x1000f000, Size: 0x00000f00, Max: 0x00000f00, ABSOLUTE, UNINIT)

    Base Addr    Size         Type   Attr      Idx    E Section Name        Object

    0x1000f000   0x00000f00   Zero   RW         4724    .ARM.__AT_0x1000F000  malloc.o



  Load Region LR$$.ARM.__AT_0x68000000 (Base: 0x68000000, Size: 0x00000000, Max: 0x000f0000, ABSOLUTE)

    Execution Region ER$$.ARM.__AT_0x68000000 (Base: 0x68000000, Size: 0x000f0000, Max: 0x000f0000, ABSOLUTE, UNINIT)

    Base Addr    Size         Type   Attr      Idx    E Section Name        Object

    0x68000000   0x000f0000   Zero   RW         4725    .ARM.__AT_0x68000000  malloc.o



  Load Region LR$$.ARM.__AT_0x680F0000 (Base: 0x680f0000, Size: 0x00000000, Max: 0x0000f000, ABSOLUTE)

    Execution Region ER$$.ARM.__AT_0x680F0000 (Base: 0x680f0000, Size: 0x0000f000, Max: 0x0000f000, ABSOLUTE, UNINIT)

    Base Addr    Size         Type   Attr      Idx    E Section Name        Object

    0x680f0000   0x0000f000   Zero   RW         4726    .ARM.__AT_0x680F0000  malloc.o


==============================================================================

Image component sizes


      Code (inc. data)   RO Data    RW Data    ZI Data      Debug   Object Name

       262          0          0          0          0       3241   24cxx.o
      2284        608        218        133          0       8766   common.o
       698        128          0          0          0       5305   ctiic.o
       368         58          0          0          0       1917   dac.o
       268         16          0          4          0       2587   delay.o
       258          4          0          2          0       3618   diskio.o
       128         18        100        340          0       1578   exfuns.o
      1340         28          0         10          0      11410   ff.o
        68          4          0          0         33       2161   fontupd.o
       814         42         10          1          0       3789   ft5206.o
      1098         80        194          1          0       4734   gt9147.o
      2120         88       6080          4         14      13856   lcd.o
       136         10          0          0          0        603   led.o
       136         22          0          0          0     317587   main.o
       504         60         36         36    1218560       6638   malloc.o
       180         24          0          0          0       2161   misc.o
       696        110          0          0          0       4706   myiic.o
       906         68         10          1          0       4391   ott2001a.o
      7474        410          0         16        704      35089   sdio_sdcard.o
       292         20          0          0          0       1873   spi.o
        64         26        392          0       1536        852   startup_stm32f40_41xxx.o
       156         24          0          0          0       3169   stm32f4xx_dac.o
       496         26          0          0          0       4396   stm32f4xx_dma.o
       222          0          0          0          0       2975   stm32f4xx_gpio.o
        26          0          0          0          0       4274   stm32f4xx_it.o
       392         48          0         16          0       5977   stm32f4xx_rcc.o
       208         38          0          0          0       5837   stm32f4xx_sdio.o
       112          0          0          0          0       3606   stm32f4xx_spi.o
       252         28          0          0          0       6736   stm32f4xx_tim.o
       696         42          0          0          0       6874   stm32f4xx_usart.o
        16          0          0          0          0        504   sys.o
       340         32          0          0          0       1545   system_stm32f4xx.o
       730         20          0          0          0       4182   text.o
       136         16          0          0          0       1230   timer.o
      4304        274        125         54          0      10965   touch.o
       350         28          0          6        200       4428   usart.o
       416         42          0          2        800       3490   usart3.o
      3166       1332         40         28          0       8214   usmart.o
         0          0        144        276          0       1592   usmart_config.o
      1328         20          0          0          0       8977   usmart_str.o
       792         74          0          2       4096       7333   w25qxx.o
      1744        476          0         28         27       2229   wifista.o

    ----------------------------------------------------------------------
     36030       4344       7388        968    1225972     535395   Object Totals
         0          0         32          0          0          0   (incl. Generated)
        54          0          7          8          2          0   (incl. Padding)

    ----------------------------------------------------------------------

      Code (inc. data)   RO Data    RW Data    ZI Data      Debug   Library Member Name

        24          4          0          0          0         84   __2printf.o
        44          6          0          0          0         84   __2sprintf.o
        90          0          0          0          0          0   __dczerorl2.o
         8          0          0          0          0         68   __main.o
       392          4         17          0          0         92   __printf_flags_ss_wp.o
        14          0          0          0          0         68   __printf_wp.o
         0          0          0          0          0          0   __rtentry.o
        12          0          0          0          0          0   __rtentry2.o
         6          0          0          0          0          0   __rtentry4.o
        52          8          0          0          0          0   __scatter.o
        28          0          0          0          0          0   __scatter_zi.o
        28          0          0          0          0         68   _chval.o
         6          0          0          0          0          0   _printf_a.o
         6          0          0          0          0          0   _printf_c.o
        44          0          0          0          0        108   _printf_char.o
        48          6          0          0          0         96   _printf_char_common.o
        36          4          0          0          0         80   _printf_char_file.o
        40          0          0          0          0         68   _printf_charcount.o
         6          0          0          0          0          0   _printf_d.o
       120         16          0          0          0         92   _printf_dec.o
         6          0          0          0          0          0   _printf_e.o
         6          0          0          0          0          0   _printf_f.o
      1050          0          0          0          0        216   _printf_fp_dec.o
       128         16          0          0          0         84   _printf_fp_infnan.o
         6          0          0          0          0          0   _printf_g.o
       148          4         40          0          0        160   _printf_hex_int_ll_ptr.o
         6          0          0          0          0          0   _printf_i.o
       178          0          0          0          0         88   _printf_intcommon.o
        10          0          0          0          0          0   _printf_l.o
         6          0          0          0          0          0   _printf_lc.o
        10          0          0          0          0          0   _printf_ll.o
         6          0          0          0          0          0   _printf_lld.o
         6          0          0          0          0          0   _printf_lli.o
         6          0          0          0          0          0   _printf_llo.o
         6          0          0          0          0          0   _printf_llu.o
         6          0          0          0          0          0   _printf_llx.o
       124         16          0          0          0         92   _printf_longlong_dec.o
         6          0          0          0          0          0   _printf_ls.o
         6          0          0          0          0          0   _printf_n.o
         6          0          0          0          0          0   _printf_o.o
       112          8          0          0          0        124   _printf_oct_int_ll.o
         6          0          0          0          0          0   _printf_p.o
        78          0          0          0          0        108   _printf_pad.o
         0          0          0          0          0          0   _printf_percent.o
         4          0          0          0          0          0   _printf_percent_end.o
         6          0          0          0          0          0   _printf_s.o
        82          0          0          0          0         80   _printf_str.o
        36          0          0          0          0         84   _printf_truncate.o
         6          0          0          0          0          0   _printf_u.o
        44          0          0          0          0        108   _printf_wchar.o
       188          6          8          0          0         92   _printf_wctomb.o
         6          0          0          0          0          0   _printf_x.o
        22          0          0          0          0        100   _rserrno.o
        10          0          0          0          0         68   _sputc.o
       158          0          0          0          0         92   _strtoul.o
        64          0          0          0          0         92   _wcrtomb.o
        26          0          0          0          0         80   atoi.o
       220          4        148          0          0         96   bigflt0.o
      1910        128          0          0          0        672   btod.o
        36          4          0          0          0         76   c89vsprintf.o
        12          0          0          0          0         72   exit.o
         8          0          0          0          0         68   ferror.o
         6          0          0          0          0        152   heapauxi.o
        44         10        272          0          0         76   lc_ctype_c.o
        44         10         28          0          0         76   lc_numeric_c.o
         2          0          0          0          0          0   libinit.o
        34          0          0          0          0          0   libinit2.o
         2          0          0          0          0          0   libshutdown.o
         2          0          0          0          0          0   libshutdown2.o
         8          4          0          0         96         68   libspace.o
       138          0          0          0          0         80   lludiv10.o
        16          4          0          0          0         76   rt_ctype_table.o
         8          4          0          0          0         68   rt_errno_addr_intlibspace.o
         8          4          0          0          0         68   rt_locale_intlibspace.o
        68          0          0          0          0         68   rt_memclr.o
        78          0          0          0          0         80   rt_memclr_w.o
       138          0          0          0          0         68   rt_memcpy_v6.o
       100          0          0          0          0         80   rt_memcpy_w.o
         2          0          0          0          0          0   rtexit.o
        10          0          0          0          0          0   rtexit2.o
       128          0          0          0          0         68   strcmpv7m.o
        62          0          0          0          0         76   strlen.o
        86          0          0          0          0         76   strncpy.o
        36          0          0          0          0         80   strstr.o
       112          0          0          0          0         88   strtol.o
        74          0          0          0          0         80   sys_stackheap_outer.o
         2          0          0          0          0         68   use_no_semi.o
         2          0          0          0          0         68   use_no_semi_2.o
       826         16          0          0          0        492   daddsub_clz.o
        24          0          0          0          0        116   dcmpi.o
       688        140          0          0          0        256   ddiv.o
        90          4          0          0          0        140   dfixu.o
        84          0          0          0          0        232   dflt_clz.o
       120          4          0          0          0        140   dleqf.o
       340         12          0          0          0        152   dmul.o
       156          4          0          0          0        140   dnaninf.o
        12          0          0          0          0        116   dretinf.o
       108          0          0          0          0        128   drleqf.o
       408         56          0          0          0        168   dsqrt_umaal.o
        86          4          0          0          0        132   f2d.o
       140          4          0          0          0        132   fnaninf.o
        10          0          0          0          0        116   fpinit.o
         4          0          0          0          0        116   printf1.o
         0          0          0          0          0          0   usenofp.o
        48          0          0          0          0        124   fpclassify.o
       122          0          0          0          0        148   sqrt.o

    ----------------------------------------------------------------------
     10254        514        516          0        100       7972   Library Totals
        14          0          3          0          4          0   (incl. Padding)

    ----------------------------------------------------------------------

      Code (inc. data)   RO Data    RW Data    ZI Data      Debug   Library Name

      6974        270        513          0         96       5124   c_w.l
      3096        244          0          0          0       2576   fz_wm.l
       170          0          0          0          0        272   m_wm.l

    ----------------------------------------------------------------------
     10254        514        516          0        100       7972   Library Totals

    ----------------------------------------------------------------------

==============================================================================


      Code (inc. data)   RO Data    RW Data    ZI Data      Debug   

     46284       4858       7904        968    1226072     514955   Grand Totals
     46284       4858       7904        304    1226072     514955   ELF Image Totals (compressed)
     46284       4858       7904        304          0          0   ROM Totals

==============================================================================

    Total RO  Size (Code + RO Data)                54188 (  52.92kB)
    Total RW  Size (RW Data + ZI Data)           1227040 (1198.28kB)
    Total ROM Size (Code + RO Data + RW Data)      54492 (  53.21kB)

==============================================================================

