<html>
<body>
<pre>
<h1>礦ision Build Log</h1>
<h2>Tool Versions:</h2>
IDE-Version: μVision V5.14.0.0
Copyright (C) 2015 ARM Ltd and ARM Germany GmbH. All rights reserved.
License Information: 1 1, 1, LIC=W96Z9-4Q4SU-QGJ7I-TB3QY-QJ6CW-AQ627
 
Tool Versions:
Toolchain:       MDK-ARM Professional  Version: 5.14.0.0
Toolchain Path:  D:\install\keil5\ARM\ARMCC\Bin
C Compiler:      Armcc.exe V5.05 update 1 (build 106)
Assembler:       Armasm.exe V5.05 update 1 (build 106)
Linker/Locator:  ArmLink.exe V5.05 update 1 (build 106)
Library Manager: ArmAr.exe V5.05 update 1 (build 106)
Hex Converter:   FromElf.exe V5.05 update 1 (build 106)
CPU DLL:         SARMCM3.DLL V5.14.0.0
Dialog DLL:      DCM.DLL V1.13.1.0
Target DLL:      STLink\ST-LINKIII-KEIL_SWO.dll V2.0.14.0_KEIL
Dialog DLL:      TCM.DLL V1.14.4.0
 
<h2>Project:</h2>
E:\国辰工作\船体清洗\备份\stm32控制程序多连接server--V17\USER\ATK_ESP8266.uvprojx
Project File Date:  05/15/2017

<h2>Output:</h2>
Build target 'Target 1'
compiling stm32f4xx_it.c...
compiling system_stm32f4xx.c...
assembling startup_stm32f40_41xxx.s...
compiling delay.c...
compiling sys.c...
compiling usart.c...
compiling 24cxx.c...
compiling myiic.c...
compiling key.c...
compiling lcd.c...
compiling led.c...
compiling sdio_sdcard.c...
compiling spi.c...
compiling sram.c...
compiling timer.c...
compiling ctiic.c...
compiling ft5206.c...
compiling gt9147.c...
compiling ott2001a.c...
compiling touch.c...
compiling usart3.c...
compiling w25qxx.c...
compiling adc.c...
compiling pwmdac.c...
compiling dac.c...
compiling misc.c...
compiling stm32f4xx_dma.c...
compiling stm32f4xx_exti.c...
compiling stm32f4xx_fsmc.c...
compiling stm32f4xx_gpio.c...
compiling stm32f4xx_rcc.c...
compiling stm32f4xx_rtc.c...
compiling stm32f4xx_sdio.c...
compiling stm32f4xx_spi.c...
compiling stm32f4xx_syscfg.c...
compiling stm32f4xx_tim.c...
compiling stm32f4xx_usart.c...
compiling stm32f4xx_adc.c...
compiling stm32f4xx_pwr.c...
compiling stm32f4xx_dac.c...
compiling malloc.c...
compiling ff.c...
compiling diskio.c...
compiling exfuns.c...
compiling fattester.c...
compiling mycc936.c...
compiling text.c...
compiling fontupd.c...
compiling common.c...
compiling wifista.c...
..\ATK-ESP8266\wifista.c(109): warning:  #167-D: argument of type "u8 *" is incompatible with parameter of type "const char *"
                                        right = atoi(&USART3_RX_BUF[22]);
..\ATK-ESP8266\wifista.c(198): warning:  #111-D: statement is unreachable
        myfree(SRAMIN,p);               //释放内存 
..\ATK-ESP8266\wifista.c: 2 warnings, 0 errors
compiling usmart.c...
compiling usmart_config.c...
compiling usmart_str.c...
linking...
Program Size: Code=46284 RO-data=7904 RW-data=968 ZI-data=1226072  
FromELF: creating hex file...
"..\OBJ\ATK_ESP8266.axf" - 0 Error(s), 2 Warning(s).

<h2>Collection of Component include folders:</h2>
  E:\国辰工作\船体清洗\备份\stm32控制程序多连接server--V17\USER\RTE
  D:\install\keil5\ARM\PACK\Keil\STM32F4xx_DFP\1.0.8\Device\Include

<h2>Collection of Component Files used:</h2>
</pre>
</body>
</html>
